> Task :app:preBuild UP-TO-DATE
> Task :app:preDebugBuild UP-TO-DATE
> Task :app:generateDebugResources UP-TO-DATE
> Task :app:packageDebugResources UP-TO-DATE
> Task :app:processDebugNavigationResources UP-TO-DATE
> Task :app:parseDebugLocalResources UP-TO-DATE
> Task :app:generateDebugRFile UP-TO-DATE

> Task :app:compileDebugKotlin FAILED
.\gradlew : e: file:///G:/m
aomaomao/app/src/main/java/
com/example/myapplication/u
i/screens/HomeScreen.kt:30:
49 Unresolved reference 'Wa
terDrop'.
所在位置 行:1 字符: 1
+ .\gradlew compileDebugKot
lin > errors.txt 2>&1
+ ~~~~~~~~~~~~~~~~~~~~~~~~~
~~~~~~~~~~~~~~~~~~~~~
    + CategoryInfo         
     : NotSpecified: (e:   
  file:///G:/m...ce 'Wat   
 erDrop'.:String) [], R    
emoteException
    + FullyQualifiedErrorI 
   d : NativeCommandError
 
e: file:///G:/maomaomao/app
/src/main/java/com/example/
myapplication/ui/screens/Ho
meScreen.kt:185:29 Unresolv
ed reference 'WaterDrop'.

FAILURE: Build failed with 
an exception.

* What went wrong:
Execution failed for task '
:app:compileDebugKotlin'.
> A failure occurred while 
executing org.jetbrains.kot
lin.compilerRunner.GradleCo
mpilerRunnerWithWorkers$Gra
dleKotlinCompilerWorkAction
   > Compilation error. See
 log for more details

* Try:
> Run with --stacktrace opt
ion to get the stack trace.
> Run with --info or --debu
g option to get more log ou
tput.
> Run with --scan to get fu
ll insights from a Build Sc
an (powered by Develocity).
> Get more help at https://
help.gradle.org.

BUILD FAILED in 1s
6 actionable tasks: 1 executed, 5 up-to-date
