[Licensing::Module] Trying to connect to existing licensing client channel...
[Licensing::IpcConnector] Connection attempt to the License Client on channel: "LicenseClient-Dev.LI" failed because channel doesn't exist; code: "0x80000002"
[Licensing::Module] GetFullLicensingClientPath:	 D:\unity Hub\Tuanjie Hub\TuanjieLicensingClient_V1\Tuanjie.Licensing.Client.exe
[Licensing::Module] Successfully launched the LicensingClient (PId: 12552)
[Licensing::IpcConnector] Successfully connected to the License Client on channel: "LicenseClient-Dev.LI" at "2026-05-19T10:52:47.6749223Z"
[Licensing::Client] Error: Code 0 while verifying Licensing Client signature (process Id: 12552, path: "D:/unity Hub/Tuanjie Hub/TuanjieLicensingClient_V1/Tuanjie.Licensing.Client.exe")
[Licensing::Module] Error: LicensingClient has failed validation; ignoring
[Licensing::Client] Successfully send message: {"AuthorizationCheck":"Ewh0rC6qBuUCKg==","messageType":"HandshakeRequest","protocolVersion":"1.12","userAgent":"TuanjieEditor/2022.3.62t7 (Windows; U; Windows NT 10.0; zh)","externalCorrelationId":"1814139137491363683"} at 1779187967
[Licensing::Client] Successfully receive message: {"protocolVersion":"1.12","sessionId":"fd7f012f07db454da21edbc8fd350411","context":{"DeviceName":"DEV-LI","DeviceModel":"82WM (LENOVO)","PhysicalMemoryMB":"32448","SystemLanguageISO":"zh","ProcessorCount":"32","ProcessorType":"AMD Ryzen 9 7945HX with Radeon Graphics        ","OperatingSystem":"Windows 10  (10.0.26200) 64bit","OperatingSystemNumeric":"1000","Legacy.MachineBinding1":"00330-80000-00000-AA963","Legacy.MachineBinding2":"C5FDB_08_404071_E6.9","Legacy.MachineBinding4":"QkgwMDdHTTk=","Legacy.MachineBinding5":"00:ff:62:7d:43:93","EnvironmentUser":"Dev.LI","EnvironmentDomain":"DEV-LI","EnvironmentHostname":"DEV-LI"},"assemblyProductVersion":"1.14.0+2f8d255","machineId":"bonVfytvD87nvYY7zQjTorUyMJ8=","correlationId":"fc0d8b7e6a3b89981da51ddec8e60aa9","responseCode":200,"responseStatus":"Handshake successful","messageType":"HandshakeResponse"} at 1779187967
[Licensing::Client] Handshaking with LicensingClient:
  Version:                 1.14.0+2f8d255
  Session Id:              fd7f012f07db454da21edbc8fd350411
  Correlation Id:          fc0d8b7e6a3b89981da51ddec8e60aa9
  External correlation Id: 1814139137491363683
  Machine Id:              bonVfytvD87nvYY7zQjTorUyMJ8=
[Licensing::Module] Successfully connected to LicensingClient on channel: "LicenseClient-Dev.LI" (connect: 2.23s, validation: 0.07s, handshake: 0.20s)
[Licensing::IpcConnector] Successfully connected to the License Notification on channel: "LicenseClient-Dev.LI-notifications" at "2026-05-19T10:52:47.9512154Z"
[Licensing::Module] Connected to LicensingClient (PId: 12552, launch time: 0.01, total connection time: 2.50s)
[Licensing::Module] Error: Access token is unavailable; failed to update
[Licensing::Client] Successfully send message: {"AuthorizationCheck":"1DigkvxWDWCw1Q==","messageType":"UpdateLicenseRequest","AccessToken":"","OrgId":"","ProjectId":"","forceUpdateLicense":true} at 1779187967
[Licensing::Client] Successfully receive message: {"responseCode":200,"responseStatus":"Licenses updated.","messageType":"UpdateLicenseResponse","authorizationCheck":"1DigkvxWDWCw1Szv+H5dfquJjmQ/"} at 1779187968
[Licensing::Client] Attempt to check time stamp (startTime: 1779187967, endTime: 1779187968)
[Licensing::Client] Successfully updated license
Built from 'tuanjie/1.8/staging' branch; Version is '2022.3.62t7 (139712ad4655) revision 1283858'; Using compiler version '192829333'; Build Type 'Release'
OS: 'Windows 11  (10.0.26200) 64bit Professional' Language: 'zh' Physical Memory: 32448 MB
[Licensing::Client] Successfully send message: {"AuthorizationCheck":"Yq49OFFWRVzLfg==","messageType":"EntitlementDetailsRequest","entitlementIds":["com.unity.editor.legacy.pro","com.unity.editor.headless"],"packageEntitlementIds":[],"includeCustomData":false} at 1779187968
[Licensing::Client] Successfully receive message: {"entitlementGroups":[{"entitlementGroupId":"F4-6FHY-5BZF-BSUA-7WFB-3YQF","entitlementGroupIdHash":"6f799ff5df1ccc813733ac3e82bd392958bed8ce","productName":"Unity Personal","productType":"TuanjieEditor","licenseType":"ULF","expiration":1779450769000,"matchedEntitlements":[{"entitlementId":"com.unity.editor.headless","isPackage":false,"count":1}]}],"responseCode":200,"responseStatus":"Found 1 entitlement groups and 0 free entitlements matching requested entitlement ids","messageType":"EntitlementDetailsResponse","authorizationCheck":"Yq49OFFWRVzLfpbuPCbEWiFBd34w"} at 1779187968
[Licensing::Client] Attempt to check time stamp (startTime: 1779187968, endTime: 1779187968)
[Licensing::Client] Successfully resolved entitlement details
[Licensing::Module] Serial number assigned to: "F4-6FHY-5BZF-BSUA-7WFB-XXXX"
BatchMode: 1, IsHumanControllingUs: 0, StartBugReporterOnCrash: 0, Is64bit: 1, IsPro: 0
[Licensing::Client] Successfully send message: {"AuthorizationCheck":"Yq49OFFWRVzLfg==","messageType":"EntitlementDetailsRequest","entitlementIds":["com.unity.editor.headless","com.unity.editor.ui"],"packageEntitlementIds":[],"includeCustomData":false} at 1779187968
[Licensing::Client] Successfully receive message: {"entitlementGroups":[{"entitlementGroupId":"F4-6FHY-5BZF-BSUA-7WFB-3YQF","entitlementGroupIdHash":"6f799ff5df1ccc813733ac3e82bd392958bed8ce","productName":"Unity Personal","productType":"TuanjieEditor","licenseType":"ULF","expiration":1779450769000,"matchedEntitlements":[{"entitlementId":"com.unity.editor.ui","isPackage":false,"count":1},{"entitlementId":"com.unity.editor.headless","isPackage":false,"count":1}]}],"responseCode":200,"responseStatus":"Found 1 entitlement groups and 0 free entitlements matching requested entitlement ids","messageType":"EntitlementDetailsResponse","authorizationCheck":"Yq49OFFWRVzLfpbuPCbEWiFBd34w"} at 1779187968
[Licensing::Client] Attempt to check time stamp (startTime: 1779187968, endTime: 1779187968)
[Licensing::Client] Successfully resolved entitlement details

COMMAND LINE ARGUMENTS:
D:\unity\Editor\Tuanjie.exe
-batchmode
-quit
-nographics
-createProject
G:\maomaomao\unity\companion-cat
-logFile
G:\maomaomao\ulw\tuanjie-create-project.log
G:/maomaomao/unity/companion-cat
[Memory] Configuration Parameters - Can be set up in boot.config
    "memorysetup-bucket-allocator-granularity=16"
    "memorysetup-bucket-allocator-bucket-count=8"
    "memorysetup-bucket-allocator-block-size=33554432"
    "memorysetup-bucket-allocator-block-count=8"
    "memorysetup-main-allocator-block-size=16777216"
    "memorysetup-thread-allocator-block-size=16777216"
    "memorysetup-gfx-main-allocator-block-size=16777216"
    "memorysetup-gfx-thread-allocator-block-size=16777216"
    "memorysetup-cache-allocator-block-size=4194304"
    "memorysetup-typetree-allocator-block-size=2097152"
    "memorysetup-profiler-bucket-allocator-granularity=16"
    "memorysetup-profiler-bucket-allocator-bucket-count=8"
    "memorysetup-profiler-bucket-allocator-block-size=33554432"
    "memorysetup-profiler-bucket-allocator-block-count=8"
    "memorysetup-profiler-allocator-block-size=16777216"
    "memorysetup-profiler-editor-allocator-block-size=1048576"
    "memorysetup-temp-allocator-size-main=16777216"
    "memorysetup-job-temp-allocator-block-size=2097152"
    "memorysetup-job-temp-allocator-block-size-background=1048576"
    "memorysetup-job-temp-allocator-reduction-small-platforms=262144"
    "memorysetup-allocator-temp-initial-block-size-main=262144"
    "memorysetup-allocator-temp-initial-block-size-worker=262144"
    "memorysetup-temp-allocator-size-background-worker=32768"
    "memorysetup-temp-allocator-size-job-worker=262144"
    "memorysetup-temp-allocator-size-preload-manager=33554432"
    "memorysetup-temp-allocator-size-nav-mesh-worker=65536"
    "memorysetup-temp-allocator-size-audio-worker=65536"
    "memorysetup-temp-allocator-size-cloud-worker=32768"
    "memorysetup-temp-allocator-size-gi-baking-worker=262144"
    "memorysetup-temp-allocator-size-gfx=262144"
Player connection [35872]  Target information:

Player connection [35872]  * "[IP] 10.60.155.129 [Port] 55504 [Flags] 2 [Guid] 3077164682 [EditorId] 3077164682 [Version] 1048832 [Id] WindowsEditor(7,Dev-Li) [Debug] 1 [PackageName] WindowsEditor [ProjectName] Editor" 

Player connection [35872] Host joined multi-casting on [225.0.0.222:54997]...
Player connection [35872] Host joined alternative multi-casting on [225.0.0.222:34997]...
Input System module state changed to: Initialized.
AS: AutoStreaming module initializing.
[LiveLink] LiveLink library is loaded successfully. Initializing...
Begin write certificate to file.
Write certificate complete, return 1.
InitScreenManager.StartServer, cert is C:/Users/Dev.LI/AppData/Roaming/Tuanjie/42396-rest-certificate.pem
Start HTTP server port 38000, HTTPS server port 38443.
[Package Manager] UpmClient::Connect -- Connected to IPC stream "Upm-42396" after 0.2 seconds.
[Licensing::Client] Successfully send message: {"AuthorizationCheck":"Yq49OFFWRVzKdg==","messageType":"EntitlementDetailsRequest","entitlementIds":["com.unity.editor.last.activation.date","com.unity.editor.headless"],"packageEntitlementIds":[],"includeCustomData":false} at 1779187970
[Licensing::Client] Successfully receive message: {"entitlementGroups":[{"entitlementGroupId":"F4-6FHY-5BZF-BSUA-7WFB-3YQF","entitlementGroupIdHash":"6f799ff5df1ccc813733ac3e82bd392958bed8ce","productName":"Unity Personal","productType":"TuanjieEditor","licenseType":"ULF","expiration":1779450769000,"matchedEntitlements":[{"entitlementId":"com.unity.editor.headless","isPackage":false,"count":1},{"entitlementId":"com.unity.editor.last.activation.date","isPackage":false,"count":1}]}],"responseCode":200,"responseStatus":"Found 1 entitlement groups and 0 free entitlements matching requested entitlement ids","messageType":"EntitlementDetailsResponse","authorizationCheck":"Yq49OFFWRVzKdpbuPCbEWkk6XjyB"} at 1779187970
[Licensing::Client] Attempt to check time stamp (startTime: 1779187970, endTime: 1779187970)
[Licensing::Client] Successfully resolved entitlement details
[Licensing::Client] Successfully send message: {"AuthorizationCheck":"Yq49OFFWRVzKdg==","messageType":"EntitlementDetailsRequest","entitlementIds":["com.unity.editor.disable-splash-screen","com.unity.editor.headless"],"packageEntitlementIds":[],"includeCustomData":false} at 1779187970
[Licensing::Client] Successfully receive message: {"entitlementGroups":[{"entitlementGroupId":"F4-6FHY-5BZF-BSUA-7WFB-3YQF","entitlementGroupIdHash":"6f799ff5df1ccc813733ac3e82bd392958bed8ce","productName":"Unity Personal","productType":"TuanjieEditor","licenseType":"ULF","expiration":1779450769000,"matchedEntitlements":[{"entitlementId":"com.unity.editor.headless","isPackage":false,"count":1}]}],"responseCode":200,"responseStatus":"Found 1 entitlement groups and 0 free entitlements matching requested entitlement ids","messageType":"EntitlementDetailsResponse","authorizationCheck":"Yq49OFFWRVzKdpbuPCbEWkk6XjyB"} at 1779187970
[Licensing::Client] Attempt to check time stamp (startTime: 1779187970, endTime: 1779187970)
[Licensing::Client] Successfully resolved entitlement details
[Licensing::Client] Successfully send message: {"AuthorizationCheck":"Yq49OFFWRVzKdg==","messageType":"EntitlementDetailsRequest","entitlementIds":["com.unity.editor.allow-mix-usage","com.unity.editor.headless"],"packageEntitlementIds":[],"includeCustomData":false} at 1779187970
[Licensing::Client] Successfully receive message: {"entitlementGroups":[{"entitlementGroupId":"F4-6FHY-5BZF-BSUA-7WFB-3YQF","entitlementGroupIdHash":"6f799ff5df1ccc813733ac3e82bd392958bed8ce","productName":"Unity Personal","productType":"TuanjieEditor","licenseType":"ULF","expiration":1779450769000,"matchedEntitlements":[{"entitlementId":"com.unity.editor.headless","isPackage":false,"count":1}]}],"responseCode":200,"responseStatus":"Found 1 entitlement groups and 0 free entitlements matching requested entitlement ids","messageType":"EntitlementDetailsResponse","authorizationCheck":"Yq49OFFWRVzKdpbuPCbEWkk6XjyB"} at 1779187970
[Licensing::Client] Attempt to check time stamp (startTime: 1779187970, endTime: 1779187970)
[Licensing::Client] Successfully resolved entitlement details
Package Manager log level set to [2]
[Package Manager] Done resolving packages in 0.51 seconds
[Licensing::Client] Successfully send message: {"AuthorizationCheck":"Yq49OFFWRVzKdw==","messageType":"EntitlementDetailsRequest","entitlementIds":[],"packageEntitlementIds":["com.unity.modules.ai","com.unity.modules.androidjni","com.unity.modules.animation","com.unity.modules.assetbundle","com.unity.modules.audio","com.unity.modules.cloth","com.unity.modules.director","com.unity.modules.imageconversion","com.unity.modules.imgui","com.unity.modules.infinity","com.unity.modules.jsonserialize","com.unity.modules.particlesystem","com.unity.modules.physics","com.unity.modules.physics2d","com.unity.modules.screencapture","com.unity.modules.terrain","com.unity.modules.terrainphysics","com.unity.modules.tilemap","com.unity.modules.ui","com.unity.modules.uielements","com.unity.modules.unityanalytics","com.unity.modules.unitywebrequest","com.unity.modules.unitywebrequestassetbundle","com.unity.modules.unitywebrequestaudio","com.unity.modules.unitywebrequesttexture","com.unity.modules.unitywebrequestwww","com.unity.modules.vehicles","com.unity.modules.video","com.unity.modules.vr","com.unity.modules.wind","com.unity.modules.xr","com.unity.modules.subsystems"],"includeCustomData":false} at 1779187971
[Licensing::Client] Successfully receive message: {"freeEntitlementIds":["com.unity.modules.ai","com.unity.modules.androidjni","com.unity.modules.animation","com.unity.modules.assetbundle","com.unity.modules.audio","com.unity.modules.cloth","com.unity.modules.director","com.unity.modules.imageconversion","com.unity.modules.imgui","com.unity.modules.infinity","com.unity.modules.jsonserialize","com.unity.modules.particlesystem","com.unity.modules.physics","com.unity.modules.physics2d","com.unity.modules.screencapture","com.unity.modules.terrain","com.unity.modules.terrainphysics","com.unity.modules.tilemap","com.unity.modules.ui","com.unity.modules.uielements","com.unity.modules.unityanalytics","com.unity.modules.unitywebrequest","com.unity.modules.unitywebrequestassetbundle","com.unity.modules.unitywebrequestaudio","com.unity.modules.unitywebrequesttexture","com.unity.modules.unitywebrequestwww","com.unity.modules.vehicles","com.unity.modules.video","com.unity.modules.vr","com.unity.modules.wind","com.unity.modules.xr","com.unity.modules.subsystems"],"responseCode":200,"responseStatus":"Found 0 entitlement groups and 32 free entitlements matching requested entitlement ids","messageType":"EntitlementDetailsResponse","authorizationCheck":"Yq49OFFWRVzKd5buPCbEWkrB++K3"} at 1779187971
[Licensing::Client] Attempt to check time stamp (startTime: 1779187971, endTime: 1779187971)
[Licensing::Client] Successfully resolved entitlement details
[Package Manager] Lock file was modified
[Package Manager] Registered 32 packages:
  Built-in packages:
    com.unity.modules.ai@1.0.0 (location: G:\maomaomao\unity\companion-cat\Library\PackageCache\com.unity.modules.ai@1.0.0)
    com.unity.modules.androidjni@1.0.0 (location: G:\maomaomao\unity\companion-cat\Library\PackageCache\com.unity.modules.androidjni@1.0.0)
    com.unity.modules.animation@1.0.0 (location: G:\maomaomao\unity\companion-cat\Library\PackageCache\com.unity.modules.animation@1.0.0)
    com.unity.modules.assetbundle@1.0.0 (location: G:\maomaomao\unity\companion-cat\Library\PackageCache\com.unity.modules.assetbundle@1.0.0)
    com.unity.modules.audio@1.0.0 (location: G:\maomaomao\unity\companion-cat\Library\PackageCache\com.unity.modules.audio@1.0.0)
    com.unity.modules.cloth@1.0.0 (location: G:\maomaomao\unity\companion-cat\Library\PackageCache\com.unity.modules.cloth@1.0.0)
    com.unity.modules.director@1.0.0 (location: G:\maomaomao\unity\companion-cat\Library\PackageCache\com.unity.modules.director@1.0.0)
    com.unity.modules.imageconversion@1.0.0 (location: G:\maomaomao\unity\companion-cat\Library\PackageCache\com.unity.modules.imageconversion@1.0.0)
    com.unity.modules.imgui@1.0.0 (location: G:\maomaomao\unity\companion-cat\Library\PackageCache\com.unity.modules.imgui@1.0.0)
    com.unity.modules.infinity@1.0.0 (location: G:\maomaomao\unity\companion-cat\Library\PackageCache\com.unity.modules.infinity@1.0.0)
    com.unity.modules.jsonserialize@1.0.0 (location: G:\maomaomao\unity\companion-cat\Library\PackageCache\com.unity.modules.jsonserialize@1.0.0)
    com.unity.modules.particlesystem@1.0.0 (location: G:\maomaomao\unity\companion-cat\Library\PackageCache\com.unity.modules.particlesystem@1.0.0)
    com.unity.modules.physics@1.0.0 (location: G:\maomaomao\unity\companion-cat\Library\PackageCache\com.unity.modules.physics@1.0.0)
    com.unity.modules.physics2d@1.0.0 (location: G:\maomaomao\unity\companion-cat\Library\PackageCache\com.unity.modules.physics2d@1.0.0)
    com.unity.modules.screencapture@1.0.0 (location: G:\maomaomao\unity\companion-cat\Library\PackageCache\com.unity.modules.screencapture@1.0.0)
    com.unity.modules.terrain@1.0.0 (location: G:\maomaomao\unity\companion-cat\Library\PackageCache\com.unity.modules.terrain@1.0.0)
    com.unity.modules.terrainphysics@1.0.0 (location: G:\maomaomao\unity\companion-cat\Library\PackageCache\com.unity.modules.terrainphysics@1.0.0)
    com.unity.modules.tilemap@1.0.0 (location: G:\maomaomao\unity\companion-cat\Library\PackageCache\com.unity.modules.tilemap@1.0.0)
    com.unity.modules.ui@1.0.0 (location: G:\maomaomao\unity\companion-cat\Library\PackageCache\com.unity.modules.ui@1.0.0)
    com.unity.modules.uielements@1.0.0 (location: G:\maomaomao\unity\companion-cat\Library\PackageCache\com.unity.modules.uielements@1.0.0)
    com.unity.modules.unityanalytics@1.0.0 (location: G:\maomaomao\unity\companion-cat\Library\PackageCache\com.unity.modules.unityanalytics@1.0.0)
    com.unity.modules.unitywebrequest@1.0.0 (location: G:\maomaomao\unity\companion-cat\Library\PackageCache\com.unity.modules.unitywebrequest@1.0.0)
    com.unity.modules.unitywebrequestassetbundle@1.0.0 (location: G:\maomaomao\unity\companion-cat\Library\PackageCache\com.unity.modules.unitywebrequestassetbundle@1.0.0)
    com.unity.modules.unitywebrequestaudio@1.0.0 (location: G:\maomaomao\unity\companion-cat\Library\PackageCache\com.unity.modules.unitywebrequestaudio@1.0.0)
    com.unity.modules.unitywebrequesttexture@1.0.0 (location: G:\maomaomao\unity\companion-cat\Library\PackageCache\com.unity.modules.unitywebrequesttexture@1.0.0)
    com.unity.modules.unitywebrequestwww@1.0.0 (location: G:\maomaomao\unity\companion-cat\Library\PackageCache\com.unity.modules.unitywebrequestwww@1.0.0)
    com.unity.modules.vehicles@1.0.0 (location: G:\maomaomao\unity\companion-cat\Library\PackageCache\com.unity.modules.vehicles@1.0.0)
    com.unity.modules.video@1.0.0 (location: G:\maomaomao\unity\companion-cat\Library\PackageCache\com.unity.modules.video@1.0.0)
    com.unity.modules.vr@1.0.0 (location: G:\maomaomao\unity\companion-cat\Library\PackageCache\com.unity.modules.vr@1.0.0)
    com.unity.modules.wind@1.0.0 (location: G:\maomaomao\unity\companion-cat\Library\PackageCache\com.unity.modules.wind@1.0.0)
    com.unity.modules.xr@1.0.0 (location: G:\maomaomao\unity\companion-cat\Library\PackageCache\com.unity.modules.xr@1.0.0)
    com.unity.modules.subsystems@1.0.0 (location: G:\maomaomao\unity\companion-cat\Library\PackageCache\com.unity.modules.subsystems@1.0.0)
[Subsystems] No new subsystems found in resolved package list.
[Package Manager] Done registering packages in 0.00 seconds
Refreshing native plugins compatible for Editor in 0.00 ms, found 0 plugins.
Preloading 0 native plugins for Editor in 0.00 ms.
Initialize engine version: 2022.3.62t7 (139712ad4655)
[Subsystems] Discovering subsystems at path D:/unity/Editor/Data/Resources/UnitySubsystems
[Subsystems] Discovering subsystems at path G:/maomaomao/unity/companion-cat/Assets
Forcing GfxDevice: Null
GfxDevice: creating device client; threaded=0; jobified=0
NullGfxDevice:
    Version:  NULL 1.0 [1.0]
    Renderer: Null Device
    Vendor:   Unity Technologies
[Licensing::Client] Successfully send message: {"AuthorizationCheck":"Yq49OFFWRVzKdw==","messageType":"EntitlementDetailsRequest","entitlementIds":["com.unity.editor.cluster","com.unity.editor.headless"],"packageEntitlementIds":[],"includeCustomData":false} at 1779187971
[Licensing::Client] Successfully receive message: {"entitlementGroups":[{"entitlementGroupId":"F4-6FHY-5BZF-BSUA-7WFB-3YQF","entitlementGroupIdHash":"6f799ff5df1ccc813733ac3e82bd392958bed8ce","productName":"Unity Personal","productType":"TuanjieEditor","licenseType":"ULF","expiration":1779450769000,"matchedEntitlements":[{"entitlementId":"com.unity.editor.headless","isPackage":false,"count":1}]}],"responseCode":200,"responseStatus":"Found 1 entitlement groups and 0 free entitlements matching requested entitlement ids","messageType":"EntitlementDetailsResponse","authorizationCheck":"Yq49OFFWRVzKd5buPCbEWkrB++K3"} at 1779187971
[Licensing::Client] Attempt to check time stamp (startTime: 1779187971, endTime: 1779187971)
[Licensing::Client] Successfully resolved entitlement details
Initialize mono
Mono path[0] = 'D:/unity/Editor/Data/Managed'
Mono path[1] = 'D:/unity/Editor/Data/MonoBleedingEdge/lib/mono/unityjit-win32'
Mono config path = 'D:/unity/Editor/Data/MonoBleedingEdge/etc'
Using monoOptions --debugger-agent=transport=dt_socket,embedding=1,server=y,suspend=n,address=0.0.0.0:56396
Using cacheserver namespaces - metadata:defaultmetadata, artifacts:defaultartifacts
Using cacheserver namespaces - metadata:defaultmetadata, artifacts:defaultartifacts
ImportWorker Server TCP listen port: 0
Begin MonoManager ReloadAssembly
Registering precompiled tuanjie dll's ...
Register platform support module: D:/unity/Editor/Data/PlaybackEngines/WindowsStandaloneSupport/UnityEditor.WindowsStandalone.Extensions.dll
Registered in 0.003511 seconds.
- Loaded All Assemblies, in  0.354 seconds
Native extension for WindowsStandalone target not found
Mono: successfully reloaded assembly
- Finished resetting the current domain, in  0.198 seconds
Domain Reload Profiling: 553ms
	BeginReloadAssembly (141ms)
		ExecutionOrderSort (0ms)
		DisableScriptedObjects (0ms)
		BackupInstance (0ms)
		ReleaseScriptingObjects (0ms)
		CreateAndSetChildDomain (1ms)
	RebuildCommonClasses (32ms)
	RebuildNativeTypeToScriptingClass (9ms)
	initialDomainReloadingComplete (41ms)
	LoadAllAssembliesAndSetupDomain (131ms)
		LoadAssemblies (140ms)
		RebuildTransferFunctionScriptingTraits (0ms)
		AnalyzeDomain (130ms)
			TypeCache.Refresh (128ms)
				TypeCache.ScanAssembly (116ms)
			ScanForSourceGeneratedMonoScriptInfo (0ms)
			ResolveRequiredComponents (1ms)
	FinalizeReload (199ms)
		ReleaseScriptCaches (0ms)
		RebuildScriptCaches (0ms)
		SetupLoadedEditorAssemblies (159ms)
			LogAssemblyErrors (0ms)
			InitializePlatformSupportModulesInManaged (6ms)
			SetLoadedEditorAssemblies (6ms)
			RefreshPlugins (0ms)
			BeforeProcessingInitializeOnLoad (2ms)
			ProcessInitializeOnLoadAttributes (127ms)
			ProcessInitializeOnLoadMethodAttributes (19ms)
			AfterProcessingInitializeOnLoad (0ms)
			EditorAssembliesLoaded (0ms)
		ExecutionOrderSort2 (0ms)
		AwakeInstancesAfterBackupRestoration (0ms)
[Licensing::Client] Successfully send message: {"AuthorizationCheck":"Yq49OFFWRVzKdA==","messageType":"EntitlementDetailsRequest","entitlementIds":["com.unity.editor.legacy.pro","com.unity.editor.watermarks.disable","com.unity.editor.watermarks.prototyping","com.unity.editor.watermarks.edu","com.unity.editor.watermarks.trial","com.unity.editor.time-limited-license","com.unity.editor.cluster","com.unity.editor.unity.compliant","com.unity.editor.watermarks.forcedisable","com.unity.editor.open-harmony.analytics.disabled","com.unity.editor.mini-game.analytics.disabled","com.unity.editor.unity.expiration.2d","com.unity.editor.unity.expiration.7d","com.unity.editor.playableads.watermark","com.unity.editor.android.analytics.enable","com.unity.editor.ios.analytics.enable","com.unity.editor.headless"],"packageEntitlementIds":[],"includeCustomData":false} at 1779187972
[Licensing::Client] Successfully receive message: {"entitlementGroups":[{"entitlementGroupId":"F4-6FHY-5BZF-BSUA-7WFB-3YQF","entitlementGroupIdHash":"6f799ff5df1ccc813733ac3e82bd392958bed8ce","productName":"Unity Personal","productType":"TuanjieEditor","licenseType":"ULF","expiration":1779450769000,"matchedEntitlements":[{"entitlementId":"com.unity.editor.headless","isPackage":false,"count":1},{"entitlementId":"com.unity.editor.unity.expiration.2d","isPackage":false,"count":1},{"entitlementId":"com.unity.editor.watermarks.forcedisable","isPackage":false,"count":1},{"entitlementId":"com.unity.editor.unity.compliant","isPackage":false,"count":1},{"entitlementId":"com.unity.editor.mini-game.analytics.disabled","isPackage":false,"count":1},{"entitlementId":"com.unity.editor.time-limited-license","isPackage":false,"count":1}]}],"responseCode":200,"responseStatus":"Found 1 entitlement groups and 0 free entitlements matching requested entitlement ids","messageType":"EntitlementDetailsResponse","authorizationCheck":"Yq49OFFWRVzKdJbuPCbEWhnosNtE"} at 1779187972
[Licensing::Client] Attempt to check time stamp (startTime: 1779187972, endTime: 1779187972)
[Licensing::Client] Successfully resolved entitlement details
Application.AssetDatabase Initial Refresh Start
[ScriptCompilation] Requested script compilation because: Assetdatabase observed changes in script compilation related files
AssetDatabase: script compilation time: 0.001563s
Starting: D:\unity\Editor\Data\bee_backend.exe --dont-print-to-structured-log --ipc --defer-dag-verification --dagfile="Library/Bee/1900b0aE.dag" --continue-on-failure --profile="Library/Bee/backend1.traceevents" ScriptAssemblies
WorkingDir: G:/maomaomao/unity/companion-cat
DisplayProgressbar: Compiling Scripts
ExitCode: 4 Duration: 0s282ms
[             ] Require frontend run.  Library/Bee/1900b0aE.dag couldn't be loaded
Starting: D:\unity\Editor\Data\Tools\netcorerun\netcorerun.exe "D:\unity\Editor\Data\Tools\BuildPipeline\ScriptCompilationBuildProgram.exe" "Library/Bee/1900b0aE.dag.json" "Library/Bee/1900b0aE-inputdata.json" "Library\Bee\buildprogram0.traceevents"
WorkingDir: G:/maomaomao/unity/companion-cat
ExitCode: 0 Duration: 0s414ms
Starting: D:\unity\Editor\Data\bee_backend.exe --dont-print-to-structured-log --ipc --defer-dag-verification --dagfile="Library/Bee/1900b0aE.dag" --continue-on-failure --dagfilejson="Library\Bee\1900b0aE.dag.json" --profile="Library/Bee/backend2.traceevents" ScriptAssemblies
WorkingDir: G:/maomaomao/unity/companion-cat
ExitCode: 0 Duration: 0s43ms
Finished compiling graph: 3 nodes, 3 flattened edges (3 ToBuild, 0 ToUse), maximum node priority 3
*** Tundra build success (0.01 seconds), 0 items updated, 1 evaluated
Begin MonoManager ReloadAssembly
- Loaded All Assemblies, in  0.178 seconds
Refreshing native plugins compatible for Editor in 0.00 ms, found 0 plugins.
Preloading 0 native plugins for Editor in 0.00 ms.
Start importing Assets using Guid(00000000000000001000000000000000) Importer(Primary)  -> (artifact id: 'ad4befcde99ed62405dcf49d36055fbd') in 0.011857 seconds
Start importing ProjectSettings/InputManager.asset using Guid(00000000000000002000000000000000) Importer(Primary)  -> (artifact id: 'a6caea6e252529f537b9ee5dd52385d6') in 0.002412 seconds
Start importing ProjectSettings/TagManager.asset using Guid(00000000000000003000000000000000) Importer(Primary)  -> (artifact id: '4b346ea1f53700e52fdf533faf3cf0a4') in 0.001636 seconds
Start importing ProjectSettings/ProjectSettings.asset using Guid(00000000000000004000000000000000) Importer(Primary)  -> (artifact id: 'f354087f6cf51eb5fe909c1ab20af876') in 0.002128 seconds
Start importing ProjectSettings/AudioManager.asset using Guid(00000000000000006000000000000000) Importer(Primary)  -> (artifact id: '182baf35d09ddb631220851260567f1d') in 0.001497 seconds
Start importing ProjectSettings/TimeManager.asset using Guid(00000000000000007000000000000000) Importer(Primary)  -> (artifact id: 'c5a9398f08e705cdcf7db38487beba04') in 0.001246 seconds
Start importing ProjectSettings/DynamicsManager.asset using Guid(00000000000000008000000000000000) Importer(Primary)  -> (artifact id: 'd94f97edc4d1d9d13c51dfdcd50ce91a') in 0.001133 seconds
Start importing ProjectSettings/QualitySettings.asset using Guid(00000000000000009000000000000000) Importer(Primary)  -> (artifact id: '4fc0e0e5c2f5716e02f5b59147326e05') in 0.003167 seconds
Start importing ProjectSettings/EditorBuildSettings.asset using Guid(0000000000000000b000000000000000) Importer(Primary)  -> (artifact id: '1f45ef6a97ba2d166a2929655dc43967') in 0.001109 seconds
Start importing ProjectSettings/EditorSettings.asset using Guid(0000000000000000c000000000000000) Importer(Primary)  -> (artifact id: '145e517216edf3ea83606ece117b62c3') in 0.001607 seconds
Start importing ProjectSettings/NavMeshAreas.asset using Guid(00000000000000004100000000000000) Importer(Primary)  -> (artifact id: 'd57f9a0a266ddf6e6818de0545e13cec') in 0.001327 seconds
Start importing ProjectSettings/Physics2DSettings.asset using Guid(00000000000000005100000000000000) Importer(Primary)  -> (artifact id: '69c01fb118000b2b2b7f102eb514cf1f') in 0.001206 seconds
Start importing ProjectSettings/GraphicsSettings.asset using Guid(00000000000000006100000000000000) Importer(Primary)  -> (artifact id: 'a6daa006c513f87e4cb5136f2b40e5c9') in 0.001695 seconds
Start importing ProjectSettings/ClusterInputManager.asset using Guid(00000000000000007100000000000000) Importer(Primary)  -> (artifact id: '1587393f6c579a4771e03b9a5cb34096') in 0.001377 seconds
Start importing ProjectSettings/UnityConnectSettings.asset using Guid(0000000000000000a100000000000000) Importer(Primary)  -> (artifact id: '910c5c22d6c8c02d8569f961e8a70caf') in 0.001358 seconds
Start importing ProjectSettings/PresetManager.asset using Guid(0000000000000000b100000000000000) Importer(Primary)  -> (artifact id: '9c867f17524df39bc86e54242876a1d9') in 0.001397 seconds
Start importing ProjectSettings/VFXManager.asset using Guid(0000000000000000c100000000000000) Importer(Primary)  -> (artifact id: 'ff808426f4ed61b0747b22743ecd1d5d') in 0.001195 seconds
Start importing ProjectSettings/VersionControlSettings.asset using Guid(0000000000000000d100000000000000) Importer(Primary)  -> (artifact id: '77b06f8003ce98ee80436015048aeccb') in 0.001220 seconds
Start importing ProjectSettings/MemorySettings.asset using Guid(0000000000000000f100000000000000) Importer(Primary)  -> (artifact id: '35e38dfb16cd2c41ee05ab8c9b79df76') in 0.001823 seconds
Start importing ProjectSettings/AutoStreamingSettings.asset using Guid(00000000000000000200000000000000) Importer(Primary)  -> (artifact id: 'd4ced0bcd39f70871f1b662680bd34e9') in 0.001990 seconds
Start importing ProjectSettings/TextureManagerSettings.asset using Guid(00000000000000001200000000000000) Importer(Primary)  -> (artifact id: 'ddd16d1c65baaa3fe5eb5befbf68184e') in 0.001564 seconds
Start importing ProjectSettings/ThreadInfoSettings.asset using Guid(00000000000000002200000000000000) Importer(Primary)  -> (artifact id: '6542a95937e14242338fb315d67c23f6') in 0.001470 seconds
Start importing Packages/com.unity.modules.imgui using Guid(c060426bfd6e82575228df6656368eaa) Importer(Primary)  -> (artifact id: '8fac9c17532bad683d02e5f510038be9') in 0.000265 seconds
Start importing Packages/com.unity.modules.animation using Guid(1158e311a3101950348dcecb1bebc42d) Importer(Primary)  -> (artifact id: '30939265680090e0bcab92044118e35a') in 0.000235 seconds
Start importing Packages/com.unity.modules.xr using Guid(515638b803bef8599dbd6d5c8bdaa53e) Importer(Primary)  -> (artifact id: 'cbe96799332bd4b9b79cdb5576b17634') in 0.000229 seconds
Start importing Packages/com.unity.modules.assetbundle using Guid(b219c86ce508e478367c0a46e1aa9fe4) Importer(Primary)  -> (artifact id: '69ce0d563f473c4bca4d20567b20dee8') in 0.000229 seconds
Start importing Packages/com.unity.modules.screencapture using Guid(5469ef0820152a4ae45d400fdc4626e4) Importer(Primary)  -> (artifact id: '80a2b591b51e2c99abb817a88dd78697') in 0.000256 seconds
Start importing Packages/com.unity.modules.infinity using Guid(94061d4d10a3228a12ccf225be1cd310) Importer(Primary)  -> (artifact id: 'b045374ca0adbe88d955b23c0bdd942f') in 0.000232 seconds
Start importing Packages/com.unity.modules.cloth using Guid(c4df1124e2787ee0c8d1a911de17ee73) Importer(Primary)  -> (artifact id: 'a7319d96b8d13a6c49e7b86e454a8f8c') in 0.000230 seconds
Start importing Packages/com.unity.modules.imageconversion using Guid(850c54ee0b9e1aa740b1c67792eb1f26) Importer(Primary)  -> (artifact id: '0c103e8ffb5d05f6d440432491749003') in 0.000232 seconds
Start importing Packages/com.unity.modules.terrainphysics using Guid(95f85adeda79e994f011eb2152cf4fc9) Importer(Primary)  -> (artifact id: '38239d0f29789eacc9a469d71c473525') in 0.000239 seconds
Start importing Packages/com.unity.modules.unitywebrequest using Guid(c522a644a29fcab2eaf63298c118a65b) Importer(Primary)  -> (artifact id: '5eb0c8c56153e3191ea991af85707be2') in 0.000325 seconds
Start importing Packages/com.unity.modules.unitywebrequestassetbundle using Guid(d5f0b0adc6826e9dd3b72e292e8438be) Importer(Primary)  -> (artifact id: '610c81793cbe292b37317fc79cf7534a') in 0.000366 seconds
Start importing Packages/com.unity.modules.subsystems using Guid(56b94a5b6990c879bb0f057719d1064b) Importer(Primary)  -> (artifact id: 'ecef1cbe3a7c1302b9d8e697c4c4f358') in 0.000234 seconds
Start importing Packages/com.unity.modules.unityanalytics using Guid(d6c6a000a805f00649b36b542e8426c2) Importer(Primary)  -> (artifact id: '6e190b3c11be45c05034acfe706e10d4') in 0.000233 seconds
Start importing Packages/com.unity.modules.physics using Guid(d6db7caf2e852b75ebb9c6098418179c) Importer(Primary)  -> (artifact id: '25d5cfb38976aa0910df41c18e7d6283') in 0.000239 seconds
Start importing Packages/com.unity.modules.vr using Guid(178008567c08e6d84014fa87825d10bb) Importer(Primary)  -> (artifact id: '3ac846cb42a4bd832676a86386bf0f74') in 0.000226 seconds
Start importing Packages/com.unity.modules.physics2d using Guid(376c84ea405e0f2b80562c23bb977216) Importer(Primary)  -> (artifact id: '5cb293ca933f55ca02dabc004dbee3bb') in 0.000247 seconds
Start importing Packages/com.unity.modules.wind using Guid(b77b1ad9c05af0412725856c6c53b037) Importer(Primary)  -> (artifact id: 'c1d0bf54e5eead6dcd5b9f6dd941cbd4') in 0.000495 seconds
Start importing Packages/com.unity.modules.uielements using Guid(2808ba6bccb2478ec9c7209d8bf1f3cc) Importer(Primary)  -> (artifact id: '619617030e8d439fb550ac9847fd249c') in 0.000250 seconds
Start importing Packages/com.unity.modules.unitywebrequestaudio using Guid(38e3a8976f0b9c586b6dfbcef4e4066c) Importer(Primary)  -> (artifact id: '23327a79087836e5927346ab75750047') in 0.000235 seconds
Start importing Packages/com.unity.modules.particlesystem using Guid(48b10b41f58d5b49717f376cda59eeb8) Importer(Primary)  -> (artifact id: '263f241e19cffc07f0e68e105a383923') in 0.000229 seconds
Start importing Packages/com.unity.modules.tilemap using Guid(09e28640d754a611467eebfb261ed749) Importer(Primary)  -> (artifact id: '4f9b4223af832ef0ef5e5ac4d81f38a7') in 0.000225 seconds
Start importing Packages/com.unity.modules.ui using Guid(39728903e57c60021f80449a8bbc0096) Importer(Primary)  -> (artifact id: 'c8f0a4ff9f10ea44ecd4c97c07c3cfe9') in 0.000221 seconds
Start importing Packages/com.unity.modules.androidjni using Guid(995c08a3305ff9f0dab5e86f340bd9a7) Importer(Primary)  -> (artifact id: 'f7c90e8488cf3be974b1d481f21911d3') in 0.000234 seconds
Start importing Packages/com.unity.modules.vehicles using Guid(1cf2469083ffa484da4d78dd70d708e8) Importer(Primary)  -> (artifact id: '99b962fab88b45a008b0f81c7ae2c8a5') in 0.000227 seconds
Start importing Packages/com.unity.modules.unitywebrequestwww using Guid(dcc8c6e92b172a65719af5ddf47dd968) Importer(Primary)  -> (artifact id: 'eccdc5a736208125615050fc4951329a') in 0.000248 seconds
Start importing Packages/com.unity.modules.jsonserialize using Guid(fc3a810351931f5e6183e16b9beb5563) Importer(Primary)  -> (artifact id: '196e194aa3220eb78a589755af35db50') in 0.000235 seconds
Start importing Packages/com.unity.modules.director using Guid(2d142b475fbfb8cf12ba3a795194300a) Importer(Primary)  -> (artifact id: 'a93189f18799ddfa2feb25e5ec109b26') in 0.000227 seconds
Start importing Packages/com.unity.modules.audio using Guid(2d6ba5cbe47e6ad3c87474c56174d4e0) Importer(Primary)  -> (artifact id: '6b1a0782919b063909a7a9d9e4fadd1f') in 0.000247 seconds
Start importing Packages/com.unity.modules.video using Guid(ede0462698a4a5643aa9872c074acd38) Importer(Primary)  -> (artifact id: 'd4ce0a487bcddeb51b51631d1764c594') in 0.000238 seconds
Start importing Packages/com.unity.modules.ai using Guid(fd871a8be47119612f7c254e96a822b7) Importer(Primary)  -> (artifact id: '4233fc0e859924524fd50866e1678a3a') in 0.000229 seconds
Start importing Packages/com.unity.modules.terrain using Guid(6e1c8b97ec8aa0464e92506ffe099558) Importer(Primary)  -> (artifact id: 'cba0f0ce88f32de069a98ac50cb4a974') in 0.000235 seconds
Start importing Packages/com.unity.modules.unitywebrequesttexture using Guid(6f1c7ebc8ac78cb951be24c238cbd3ba) Importer(Primary)  -> (artifact id: '7f1ab6ae0dfca45724173e33669eb81a') in 0.000296 seconds
Start importing Packages/com.unity.modules.ui/package.ModuleCompilationTrigger using Guid(51fa60bb2bd1e5bc74e8cc95a7bfd5b7) Importer(Primary)  -> (artifact id: '9eeb14fb02b9fb24f6d65d662821b0f0') in 0.020881 seconds
Start importing Packages/com.unity.modules.unityanalytics/package.ModuleCompilationTrigger using Guid(71136fc5cf34f2cc10be0e33c0b08019) Importer(Primary)  -> (artifact id: '1c2763815a0b9b5ef40f5c4ac3bfeb41') in 0.000373 seconds
Start importing Packages/com.unity.modules.tilemap/package.ModuleCompilationTrigger using Guid(a1c42005fe7c5d78585a77ce396a5eea) Importer(Primary)  -> (artifact id: '9d178a89b05c4a954983ba83b8864c69') in 0.000285 seconds
Start importing Packages/com.unity.modules.assetbundle/package.ModuleCompilationTrigger using Guid(222fc39b0c85d800342910da2cd64781) Importer(Primary)  -> (artifact id: '8d169c5d28b9b510d57462ee59631e71') in 0.000290 seconds
Start importing Packages/com.unity.modules.unitywebrequest/package.ModuleCompilationTrigger using Guid(d2ec2d1228c8e67cdd913cb5609176a2) Importer(Primary)  -> (artifact id: '0c37d7669d39bf919cc73ab60484cc08') in 0.000322 seconds
Start importing Packages/com.unity.modules.ai/package.ModuleCompilationTrigger using Guid(e2d09a26ce46dc617b54e49a534ace20) Importer(Primary)  -> (artifact id: '3b7590ae55fd3923b6b397f5bfd4904f') in 0.000298 seconds
Start importing Packages/com.unity.modules.terrain/package.ModuleCompilationTrigger using Guid(23032f4383e95e772bce465c5896d0fd) Importer(Primary)  -> (artifact id: '15dc5db99bb7eb9776a3b68f88c55124') in 0.000298 seconds
Start importing Packages/com.unity.modules.imageconversion/package.ModuleCompilationTrigger using Guid(830a36a23cf3ab1e61fa47940a6dc35e) Importer(Primary)  -> (artifact id: 'b0a2e14eb13643e3aee920a5da88698f') in 0.000287 seconds
Start importing Packages/com.unity.modules.unitywebrequesttexture/package.ModuleCompilationTrigger using Guid(a31a332ce3485f00f7df8d987302a29c) Importer(Primary)  -> (artifact id: '9e4a1f6fb67a086005163a5ea3b4fa3f') in 0.000304 seconds
Start importing Packages/com.unity.modules.audio/package.ModuleCompilationTrigger using Guid(042dc296246916648e55a43d0eeb2036) Importer(Primary)  -> (artifact id: '7ab45069853bed467ca2041e69b0185c') in 0.000302 seconds
Start importing Packages/com.unity.modules.unitywebrequestaudio/package.ModuleCompilationTrigger using Guid(553737203d61a8109f9544a97201e1aa) Importer(Primary)  -> (artifact id: '5a158a52d26a75bdcb3ae9ea196ab330') in 0.000280 seconds
Start importing Packages/com.unity.modules.vr/package.ModuleCompilationTrigger using Guid(b5bd8fa6f4c55ab6f09322b86d18b0e3) Importer(Primary)  -> (artifact id: 'ae0507f4415cc345b433a1e5590c1cde') in 0.000271 seconds
Start importing Packages/com.unity.modules.vehicles/package.ModuleCompilationTrigger using Guid(e5c46c19ce0ce2e0103aa6f82df1043a) Importer(Primary)  -> (artifact id: '8efd490384852c2e0ff650edb06f8273') in 0.000347 seconds
Start importing Packages/com.unity.modules.unitywebrequestassetbundle/package.ModuleCompilationTrigger using Guid(7610600f5c83e01041a6fe849d39279f) Importer(Primary)  -> (artifact id: 'f2f5841f7fcb30b5449926d64446c550') in 0.000301 seconds
Start importing Packages/com.unity.modules.jsonserialize/package.ModuleCompilationTrigger using Guid(e6a135e3ea9cb46795d1b0e05ac3e1e5) Importer(Primary)  -> (artifact id: 'fe09f5e73c3e5f1d1a92b127e689b1f7') in 0.000300 seconds
Start importing Packages/com.unity.modules.video/package.ModuleCompilationTrigger using Guid(f62135e79edb837b2d2ee3c524da864c) Importer(Primary)  -> (artifact id: 'd18188802398664ced25032672f3aece') in 0.000300 seconds
Start importing Packages/com.unity.modules.particlesystem/package.ModuleCompilationTrigger using Guid(17f093324b67f5bd57e55b546736750e) Importer(Primary)  -> (artifact id: '977ad363e2254a90424373480586e4b6') in 0.000334 seconds
Start importing Packages/com.unity.modules.xr/package.ModuleCompilationTrigger using Guid(c7a8b0317f4e68556d7509828e9e211e) Importer(Primary)  -> (artifact id: '1dc86f2f9812090879211e37e9860b47') in 0.000274 seconds
Start importing Packages/com.unity.modules.cloth/package.ModuleCompilationTrigger using Guid(082fbee38a82835433261a5e9c00e267) Importer(Primary)  -> (artifact id: 'a786a1990d4c3ed8f22e5b49cd3d2d52') in 0.000278 seconds
Start importing Packages/com.unity.modules.androidjni/package.ModuleCompilationTrigger using Guid(c82e859b16636ddd2ca4a1f63fd34938) Importer(Primary)  -> (artifact id: 'e1b817f2caa8f296eecf4447d6d802a1') in 0.000273 seconds
Start importing Packages/com.unity.modules.director/package.ModuleCompilationTrigger using Guid(c88e90bad18cceb5d182d0c805883056) Importer(Primary)  -> (artifact id: '45db7184f47fe005fc2d3b05fc0e5a91') in 0.000274 seconds
Start importing Packages/com.unity.modules.wind/package.ModuleCompilationTrigger using Guid(2adec19fac7df68adf1fd6eb83197bb1) Importer(Primary)  -> (artifact id: 'f5138e418af4a3d3c8d870bbc7f1caf5') in 0.000289 seconds
Start importing Packages/com.unity.modules.uielements/package.ModuleCompilationTrigger using Guid(8a752aaaadd2410dd9a84e01c1bace9f) Importer(Primary)  -> (artifact id: 'd309e026d5b751c9c607476f3d3e9960') in 0.000296 seconds
Start importing Packages/com.unity.modules.terrainphysics/package.ModuleCompilationTrigger using Guid(cbb1a39d56ce4d9ac1a46ac505893fa7) Importer(Primary)  -> (artifact id: '698b3753c16767c42c85837a72835767') in 0.000272 seconds
Start importing Packages/com.unity.modules.animation/package.ModuleCompilationTrigger using Guid(db8e609a39b9b231fccc54e5fa4cbd1b) Importer(Primary)  -> (artifact id: '546b624532634ab3f7867a1009c14f44') in 0.000273 seconds
Start importing Packages/com.unity.modules.physics/package.ModuleCompilationTrigger using Guid(5c1ee4056d0ac7ad3c5a16597fcaa38a) Importer(Primary)  -> (artifact id: '15e052bf33454ba7625ab1e449f67a53') in 0.000289 seconds
Start importing Packages/com.unity.modules.infinity/package.ModuleCompilationTrigger using Guid(9cf316e6152a8b6ed56fd6c1b249ff3d) Importer(Primary)  -> (artifact id: '692cb25e2848e8a17129a51d367d2a76') in 0.000273 seconds
Start importing Packages/com.unity.modules.subsystems/package.ModuleCompilationTrigger using Guid(8d4bc6bfa28760b29f13174d6b6ea710) Importer(Primary)  -> (artifact id: 'df0abee63c1b501924d7f5516214a0ee') in 0.000319 seconds
Start importing Packages/com.unity.modules.screencapture/package.ModuleCompilationTrigger using Guid(cd561f5f687aed43bf280c27a84f79e3) Importer(Primary)  -> (artifact id: '8c7bdd566f628afa9ffa40b9cf874ea0') in 0.000297 seconds
Start importing Packages/com.unity.modules.unitywebrequestwww/package.ModuleCompilationTrigger using Guid(ae87256f29d9c8b50490f4caf75b2c41) Importer(Primary)  -> (artifact id: 'ffc72fd6542f00cd9ea09354d86ea153') in 0.000286 seconds
Start importing Packages/com.unity.modules.imgui/package.ModuleCompilationTrigger using Guid(be13c398521e3c1ad21fb9da30ab2ab6) Importer(Primary)  -> (artifact id: 'a184b0d61d5093cdc730750ad99f3f6c') in 0.000297 seconds
Start importing Packages/com.unity.modules.physics2d/package.ModuleCompilationTrigger using Guid(fe6a6957b37b61417b457a1e0541791d) Importer(Primary)  -> (artifact id: '209265712f1c661a9d72c52308653f4b') in 0.000280 seconds
Refreshing native plugins compatible for Editor in 0.00 ms, found 0 plugins.
Native extension for WindowsStandalone target not found
Mono: successfully reloaded assembly
- Finished resetting the current domain, in  0.198 seconds
Domain Reload Profiling: 377ms
	BeginReloadAssembly (121ms)
		ExecutionOrderSort (0ms)
		DisableScriptedObjects (4ms)
		BackupInstance (0ms)
		ReleaseScriptingObjects (0ms)
		CreateAndSetChildDomain (24ms)
	RebuildCommonClasses (29ms)
	RebuildNativeTypeToScriptingClass (10ms)
	initialDomainReloadingComplete (14ms)
	LoadAllAssembliesAndSetupDomain (5ms)
		LoadAssemblies (74ms)
		RebuildTransferFunctionScriptingTraits (0ms)
		AnalyzeDomain (3ms)
			TypeCache.Refresh (2ms)
				TypeCache.ScanAssembly (0ms)
			ScanForSourceGeneratedMonoScriptInfo (0ms)
			ResolveRequiredComponents (0ms)
	FinalizeReload (199ms)
		ReleaseScriptCaches (0ms)
		RebuildScriptCaches (0ms)
		SetupLoadedEditorAssemblies (121ms)
			LogAssemblyErrors (0ms)
			InitializePlatformSupportModulesInManaged (3ms)
			SetLoadedEditorAssemblies (4ms)
			RefreshPlugins (0ms)
			BeforeProcessingInitializeOnLoad (4ms)
			ProcessInitializeOnLoadAttributes (104ms)
			ProcessInitializeOnLoadMethodAttributes (6ms)
			AfterProcessingInitializeOnLoad (1ms)
			EditorAssembliesLoaded (0ms)
		ExecutionOrderSort2 (0ms)
		AwakeInstancesAfterBackupRestoration (8ms)
Start importing Library/BuildPlayer.prefs using Guid(00000000000000005000000000000000) Importer(Primary)  -> (artifact id: '4251b7fde90c5e6925256c51d7df3f1a') in 0.020010 seconds
Start importing Packages/com.unity.modules.subsystems/package.json using Guid(30b312a167534621b316172253b08723) Importer(Primary)  -> (artifact id: '0aeb3e8cfec7841220d232300b2d2df5') in 0.001953 seconds
Start importing Packages/com.unity.modules.jsonserialize/package.json using Guid(40bf3cec17fa0b49fe04443c8332d638) Importer(Primary)  -> (artifact id: '9d0b61b21c602b087756fb3d2b26d901') in 0.001375 seconds
Start importing Packages/com.unity.modules.screencapture/package.json using Guid(80beef77cb19e713c7c2d481b65ed485) Importer(Primary)  -> (artifact id: '96ea2bbc2f93c3caf7796c230df6f44b') in 0.001278 seconds
Start importing Packages/com.unity.modules.cloth/package.json using Guid(906c12bc9cd95d3963c6d58f62522c78) Importer(Primary)  -> (artifact id: '0c70b1a8e26472b0721090ddc7ba1cf4') in 0.001781 seconds
Start importing Packages/com.unity.modules.unitywebrequesttexture/package.json using Guid(d0e3ad91972c66f5238f5b9b7d5ae58a) Importer(Primary)  -> (artifact id: '5b5f389193d67c29d4602100811d73a8') in 0.001800 seconds
Start importing Packages/com.unity.modules.ai/package.json using Guid(f0f13f2ab3d6d13cfc6e4656824bfca8) Importer(Primary)  -> (artifact id: '87459ca5910d5ec9f4766e31c2e13b16') in 0.001313 seconds
Start importing Packages/com.unity.modules.assetbundle/package.json using Guid(e1ef8466c8fd01a549f10baa4d51fa17) Importer(Primary)  -> (artifact id: '1474a7863408bffe86e2f18496c02d7b') in 0.001611 seconds
Start importing Packages/com.unity.modules.imgui/package.json using Guid(42fe78c8fe682715a2cb531422e6ccb3) Importer(Primary)  -> (artifact id: 'facb262669ea0b1fb7905080c84e0894') in 0.001248 seconds
Start importing Packages/com.unity.modules.tilemap/package.json using Guid(92a378669877c05c6071d0fed687bb95) Importer(Primary)  -> (artifact id: 'bdb862bd843d9418e00ecb2bc34c9d70') in 0.001441 seconds
Start importing Packages/com.unity.modules.terrainphysics/package.json using Guid(d3cbe921f7b3d9a3257e7c61a5761796) Importer(Primary)  -> (artifact id: 'c52090ee696ac309cf7638db591a3199') in 0.001475 seconds
Start importing Packages/com.unity.modules.unitywebrequestassetbundle/package.json using Guid(05f7f519769978b79b31d063a7fc6fa1) Importer(Primary)  -> (artifact id: '8c919c05271d46b1b3e070a3cca2497c') in 0.001544 seconds
Start importing Packages/com.unity.modules.imageconversion/package.json using Guid(953fab16d15d5885b3600fcd6388b2ad) Importer(Primary)  -> (artifact id: '1aff8794d1889d7cc273dc87ddc32d30') in 0.001438 seconds
Start importing Packages/com.unity.modules.unityanalytics/package.json using Guid(26a4f29db434fd79025c91f6126382cc) Importer(Primary)  -> (artifact id: 'f0821753ae68b0934c8edcbfa9e53693') in 0.001666 seconds
Start importing Packages/com.unity.modules.video/package.json using Guid(96d14b71b907bb52333b2886e665aba6) Importer(Primary)  -> (artifact id: 'b72636bf1d2b139bebce74d8082da40d') in 0.001269 seconds
Start importing Packages/com.unity.modules.particlesystem/package.json using Guid(87d720faa37005c08600090e04d8c739) Importer(Primary)  -> (artifact id: '0db0e8b888baf3e7afc903195e6a542a') in 0.001645 seconds
Start importing Packages/com.unity.modules.physics2d/package.json using Guid(f7a8357347c80dc69c08d0b1a05e2122) Importer(Primary)  -> (artifact id: '3504d1c1c44d89f7c99e702867076189') in 0.001821 seconds
Start importing Packages/com.unity.modules.vr/package.json using Guid(18a4fadfef534684d5af39ca8dc48fe9) Importer(Primary)  -> (artifact id: '253d87b23aff67e08cef875a7164c334') in 0.001643 seconds
Start importing Packages/com.unity.modules.wind/package.json using Guid(b83f06ac0c0696e9563230865ca72b81) Importer(Primary)  -> (artifact id: '89124ac91629a5491c3881be832ee230') in 0.001875 seconds
Start importing Packages/com.unity.modules.audio/package.json using Guid(e9df95f53f1c1d0c9199e235d6c42b50) Importer(Primary)  -> (artifact id: '53bbd827061871c95bdd4063f5690cad') in 0.001716 seconds
Start importing Packages/com.unity.modules.physics/package.json using Guid(1a4266815e998967becf686f9c71f0a6) Importer(Primary)  -> (artifact id: '22bf26da91f6755c4437605e77e65620') in 0.001505 seconds
Start importing Packages/com.unity.modules.vehicles/package.json using Guid(6afb166a156df2d20433d981f4bb2832) Importer(Primary)  -> (artifact id: 'b0af45c7d02c461188b85daa1266c59c') in 0.001687 seconds
Start importing Packages/com.unity.modules.unitywebrequestwww/package.json using Guid(fa27413e9edb06a6058d6c894eca0338) Importer(Primary)  -> (artifact id: 'b22dea6e4b029ba81c35475fde8d82d9') in 0.001494 seconds
Start importing Packages/com.unity.modules.unitywebrequestaudio/package.json using Guid(4b518b37798c97b0f860962cbf615533) Importer(Primary)  -> (artifact id: '2a146aa0ecfe52198f11273b0caccaa3') in 0.001896 seconds
Start importing Packages/com.unity.modules.xr/package.json using Guid(2c814623cb42764d304be0c5ddd03ceb) Importer(Primary)  -> (artifact id: '27ad54f53b7e069b0fbf6c16171c4d24') in 0.001374 seconds
Start importing Packages/com.unity.modules.director/package.json using Guid(ec02776fe29df900b897106d61977735) Importer(Primary)  -> (artifact id: 'f61cd3414b3fbbea7d557a24a4e6d8d2') in 0.001631 seconds
Start importing Packages/com.unity.modules.terrain/package.json using Guid(6d56244f8c39a851975d3c0bd432c66f) Importer(Primary)  -> (artifact id: '98a8621e832c77747f4a8d7fd2f63500') in 0.001932 seconds
Start importing Packages/com.unity.modules.androidjni/package.json using Guid(bd1af0a6633ee94ae21c7d1d702cdc12) Importer(Primary)  -> (artifact id: '385b42e581c19c8ef70721b10330cc40') in 0.001821 seconds
Start importing Packages/com.unity.modules.animation/package.json using Guid(7ef8348b8ea834d7e1bc214b07f7fb87) Importer(Primary)  -> (artifact id: '0ce2998bc66bfc5095aa6510cd5b560c') in 0.001364 seconds
Start importing Packages/com.unity.modules.unitywebrequest/package.json using Guid(3fdd83b151eb8d25c5e2f82fc39dcb04) Importer(Primary)  -> (artifact id: '720f1f7a6652629fe4983645228f966c') in 0.001884 seconds
Start importing Packages/com.unity.modules.uielements/package.json using Guid(4f0f9b9f3ed97ad2b9ba8f1a8e4666c2) Importer(Primary)  -> (artifact id: 'ff6a95d02e4debb2cfaa6854870befbb') in 0.001599 seconds
Start importing Packages/com.unity.modules.ui/package.json using Guid(bfd567a3d1631a761bca9e99fa53d86d) Importer(Primary)  -> (artifact id: '7df312861208d9f943db447279b7794d') in 0.001414 seconds
Start importing Packages/com.unity.modules.infinity/package.json using Guid(ef87bdd219ac9421c4aae724f5ea6398) Importer(Primary)  -> (artifact id: 'f789df3a37f8a8e36d988b013757872f') in 0.002232 seconds
Loading style catalogs (6)
	StyleSheets/Extensions/base/common.uss
	UIPackageResources/StyleSheets/Default/Variables/Public/common.uss
	StyleSheets/Northstar/common.uss
	StyleSheets/Extensions/fonts/inter.uss
	StyleSheets/Extensions/base/dark.uss
	UIPackageResources/StyleSheets/Default/Northstar/Palette/dark.uss
Refreshing native plugins compatible for Editor in 0.00 ms, found 0 plugins.
Preloading 0 native plugins for Editor in 0.00 ms.
Asset Pipeline Refresh (id=a18513317b4f6644191cd3ca009562b5): Total: 3.118 seconds - Initiated by InitialRefreshV2(ForceSynchronousImport)
	Summary:
		Imports: total=119 (actual=119, local cache=0, cache server=0)
		Asset DB Process Time: managed=4 ms, native=245 ms
		Asset DB Callback time: managed=112 ms, native=14 ms
		Scripting: domain reloads=1, domain reload time=381 ms, compile time=2358 ms, other=1 ms
		Project Asset Count: scripts=86, non-scripts=33
		Asset File Changes: new=119, changed=119, moved=0, deleted=0
		Scan Filter Count: 0
		OnDemandAssets Count:0
	InvokeBeforeRefreshCallbacks: 0.346ms
	ApplyChangesToAssetFolders: 0.066ms
	Scan: 9.549ms
	OnSourceAssetsModified: 2.805ms
	GetAllGuidsForCategorization: 0.022ms
	CategorizeAssets: 0.807ms
	ImportOutOfDateAssets: 381.707ms (-2156.703ms without children)
		ImportManagerImport: 180.281ms (8.311ms without children)
			ImportInProcess: 171.771ms
			UpdateCategorizedAssets: 0.200ms
		CompileScripts: 2357.955ms
		ReloadNativeAssets: 0.001ms
		UnloadImportedAssets: 0.048ms
		ReloadImportedAssets: 0.011ms
		EnsureUptoDateAssetsAreRegisteredWithGuidPM: 0.030ms
		InitializingProgressBar: 0.005ms
		PostProcessAllAssetNotificationsAddChangedAssets: 0.001ms
		OnDemandSchedulerStart: 0.079ms
	PostProcessAllAssets: 126.061ms
	Hotreload: 0.805ms
	GatherAllCurrentPrimaryArtifactRevisions: 0.006ms
	UnloadStreamsBegin: 0.066ms
	PersistCurrentRevisions: 0.133ms
	UnloadStreamsEnd: 0.004ms
	GenerateScriptTypeHashes: 0.001ms
	Untracked: 2595.697ms
Application.AssetDatabase Initial Refresh End
Scanning for USB devices : 6.866ms
Initializing Tuanjie extensions:
Start importing Library/Resources using Guid(525481ca0a063f5418199f12204184e6) Importer(Primary)  -> (artifact id: 'e6d2d1c6c346f6c048e4ca97cbe25c1c') in 0.000367 seconds
Refreshing native plugins compatible for Editor in 0.00 ms, found 0 plugins.
Preloading 0 native plugins for Editor in 0.00 ms.
Asset Pipeline Refresh (id=4709c217903ed704a812734fe0ed98e8): Total: 0.006 seconds - Initiated by StopAssetImportingV2(NoUpdateAssetOptions)
[Licensing::Client] Successfully send message: {"AuthorizationCheck":"Enen7DlZmFCGTA==","messageType":"ProductNameRequest","Value":"com.DefaultCompany.companion-cat"} at 1779187975
[Licensing::Client] Successfully receive message: {"responseCode":200,"messageType":"ProductNameResponse"} at 1779187975
[Licensing::Client] Error: ProductNameResponse could not be deserialized
[MODES] ModeService[none].Initialize
[MODES] ModeService[none].LoadModes
[MODES] Loading mode Default (0) for mode-current-id-companion-cat
Unloading 3 Unused Serialized files (Serialized files now loaded: 0)
Unloading 14 unused Assets / (472.7 KB). Loaded Objects now: 549.
Memory consumption went from 80.2 MB to 79.8 MB.
Total: 3.296200 ms (FindLiveObjects: 0.052900 ms CreateObjectMapping: 0.005700 ms MarkObjects: 3.045700 ms  DeleteObjects: 0.191400 ms)

Batchmode quit successfully invoked - shutting down!
Curl error 42: Callback aborted
Input System module state changed to: ShutdownInProgress.
Input System polling thread exited.
Input System module state changed to: Shutdown.
[Licensing::IpcConnector] License Notification channel disconnected successfully.
[Licensing::IpcConnector] License Client channel disconnected successfully.
Shutting down server...
Cleanup mono
[Performance] WinEditorMain                                                                                                   :        1 samples, Peak.  3.45 s (1.0x), Avg.  3.45 s, Total. 3.446 s (32.0%)
[Performance] WinEditorMain.ConfigureCrashHandler                                                                             :        1 samples, Peak.  26.8 us (1.0x), Avg.  26.8 us, Total. 26.80 us (0.0%)
[Performance] WinEditorMain.CurlRequestInitialize                                                                             :        1 samples, Peak.  2.40 ms (1.0x), Avg.  2.40 ms, Total. 2.399 ms (0.0%)
[Performance] WinEditorMain.SetupLogFile                                                                                      :        1 samples, Peak.   238 us (1.0x), Avg.   238 us, Total. 238.4 us (0.0%)
[Performance] WinEditorMain.RunNativeTestsIfRequiredAndExit                                                                   :        1 samples, Peak.   100 ns (1.0x), Avg.   100 ns, Total. 100.0 ns (0.0%)
[Performance] WinEditorMain.Licensing                                                                                         :        1 samples, Peak.  3.40 s (1.0x), Avg.  3.40 s, Total. 3.396 s (31.6%)
[Performance] WinEditorMain.InitializeCrashHandler                                                                            :        1 samples, Peak.  44.1 ms (1.0x), Avg.  44.1 ms, Total. 44.11 ms (0.4%)
[Performance] WinEditorMain.CreateApplication                                                                                 :        1 samples, Peak.   189 us (1.0x), Avg.   189 us, Total. 188.8 us (0.0%)
[Performance] Application.InitializeProject                                                                                   :        1 samples, Peak.  6.84 s (1.0x), Avg.  6.84 s, Total. 6.841 s (63.6%)
[Performance] Application.PackageManager.StartServer                                                                          :        1 samples, Peak.  13.1 ms (1.0x), Avg.  13.1 ms, Total. 13.09 ms (0.1%)
[Performance] Application.AcquireProjectLock                                                                                  :        1 samples, Peak.  3.91 ms (1.0x), Avg.  3.91 ms, Total. 3.906 ms (0.0%)
[Performance] Application.InitializeEngineNoGraphics                                                                          :        1 samples, Peak.  1.09 s (1.0x), Avg.  1.09 s, Total. 1.089 s (10.1%)
[Performance] Application.PackageManager.Initialize                                                                           :        1 samples, Peak.   160 ms (1.0x), Avg.   160 ms, Total. 160.1 ms (1.5%)
[Performance] Connecting to Package Manager                                                                                   :       17 samples, Peak.  67.1 us (16.0x), Avg.  4.19 us, Total. 71.20 us (0.0%)
[Performance] PackageManager::Api::RunRequestSynchronously                                                                    :       13 samples, Peak.  4.20 us (1.5x), Avg.  2.85 us, Total. 37.10 us (0.0%)
[Performance] Application.EngineGraphics.Initialize                                                                           :        1 samples, Peak.  32.7 ms (1.0x), Avg.  32.7 ms, Total. 32.72 ms (0.3%)
[Performance] Application.GI.Initialize                                                                                       :        1 samples, Peak.  8.55 ms (1.0x), Avg.  8.55 ms, Total. 8.549 ms (0.1%)
[Performance] Application.LoadAllDefaultResourcesFromEditor                                                                   :        1 samples, Peak.  1.38 ms (1.0x), Avg.  1.38 ms, Total. 1.383 ms (0.0%)
[Performance] Application.LoadMonoAssemblies                                                                                  :        1 samples, Peak.   570 ms (1.0x), Avg.   570 ms, Total. 570.1 ms (5.3%)
[Performance] RestoreManagedReferences                                                                                        :        2 samples, Peak.  28.2 ms (2.0x), Avg.  14.1 ms, Total. 28.24 ms (0.3%)
[Performance] InitializeOnLoad SettingsService                                                                                :        2 samples, Peak.   148 us (1.1x), Avg.   130 us, Total. 260.3 us (0.0%)
[Performance] InitializeOnLoad ConsoleEntrance                                                                                :        2 samples, Peak.   457 us (1.1x), Avg.   427 us, Total. 853.1 us (0.0%)
[Performance] InitializeOnLoad TuanjiePathAndNameFix                                                                          :        2 samples, Peak.   503 us (1.0x), Avg.   487 us, Total. 973.8 us (0.0%)
[Performance] InitializeOnLoad BuildProfileHelperManager                                                                      :        2 samples, Peak.  21.9 ms (1.5x), Avg.  14.3 ms, Total. 28.69 ms (0.3%)
[Performance] InitializeOnLoad ShortcutIntegration                                                                            :        2 samples, Peak.  48.6 us (1.0x), Avg.  48.2 us, Total. 96.30 us (0.0%)
[Performance] InitializeOnLoad PrefabInstanceChangedListener                                                                  :        2 samples, Peak.  98.8 us (1.0x), Avg.  96.5 us, Total. 192.9 us (0.0%)
[Performance] InitializeOnLoad AssetStoreContext                                                                              :        2 samples, Peak.  22.1 ms (1.1x), Avg.  20.2 ms, Total. 40.36 ms (0.4%)
[Performance] InitializeOnLoad AddComponentWindow                                                                             :        2 samples, Peak.   103 us (1.1x), Avg.  90.9 us, Total. 181.8 us (0.0%)
[Performance] InitializeOnLoad ManagedDebugger                                                                                :        2 samples, Peak.   453 us (1.1x), Avg.   426 us, Total. 851.5 us (0.0%)
[Performance] InitializeOnLoad PlayableAdsHtmlChannelManager                                                                  :        2 samples, Peak.   258 us (1.0x), Avg.   249 us, Total. 497.5 us (0.0%)
[Performance] InitializeOnLoad EditMode                                                                                       :        2 samples, Peak.   274 us (1.0x), Avg.   274 us, Total. 548.0 us (0.0%)
[Performance] InitializeOnLoad SceneSearch                                                                                    :        2 samples, Peak.  90.0 us (1.1x), Avg.  83.0 us, Total. 166.1 us (0.0%)
[Performance] InitializeOnLoad MixerEffectDefinitionReloader                                                                  :        2 samples, Peak.  1.30 ms (1.1x), Avg.  1.22 ms, Total. 2.438 ms (0.0%)
[Performance] InitializeOnLoad NativeFormatImporterUtility                                                                    :        2 samples, Peak.  2.14 ms (1.2x), Avg.  1.80 ms, Total. 3.597 ms (0.0%)
[Performance] InitializeOnLoad CloudBuild                                                                                     :        2 samples, Peak.  5.30 us (1.2x), Avg.  4.50 us, Total. 9.000 us (0.0%)
[Performance] InitializeOnLoad SearchService                                                                                  :        2 samples, Peak.  87.9 us (1.0x), Avg.  86.0 us, Total. 172.0 us (0.0%)
[Performance] InitializeOnLoad ProjectSearch                                                                                  :        2 samples, Peak.  52.9 us (1.2x), Avg.  46.0 us, Total. 92.00 us (0.0%)
[Performance] InitializeOnLoad PoolManager                                                                                    :        2 samples, Peak.  42.4 us (1.0x), Avg.  41.8 us, Total. 83.60 us (0.0%)
[Performance] InitializeOnLoad MenuItems                                                                                      :        2 samples, Peak.   401 us (1.0x), Avg.   389 us, Total. 777.4 us (0.0%)
[Performance] InitializeOnLoad UISystemProfilerRenderService                                                                  :        2 samples, Peak.  7.80 us (1.2x), Avg.  6.55 us, Total. 13.10 us (0.0%)
[Performance] InitializeOnLoad DrivenRectTransformUndo                                                                        :        2 samples, Peak.   176 us (1.0x), Avg.   171 us, Total. 341.1 us (0.0%)
[Performance] InitializeOnLoad PlayModeDownload                                                                               :        2 samples, Peak.   379 us (1.6x), Avg.   235 us, Total. 469.0 us (0.0%)
[Performance] InitializeOnLoad UnityConnect                                                                                   :        2 samples, Peak.   700 ns (1.3x), Avg.   550 ns, Total. 1.100 us (0.0%)
[Performance] InitializeOnLoad CacheServerWindow                                                                              :        2 samples, Peak.  19.8 us (1.4x), Avg.  14.3 us, Total. 28.60 us (0.0%)
[Performance] InitializeOnLoad ManagedDebuggerWindow                                                                          :        2 samples, Peak.   111 us (1.1x), Avg.   103 us, Total. 206.6 us (0.0%)
[Performance] InitializeOnLoad ProfilerConnectionPopupWindow                                                                  :        2 samples, Peak.  25.5 us (1.1x), Avg.  22.6 us, Total. 45.20 us (0.0%)
[Performance] InitializeOnLoad WindowLayout                                                                                   :        2 samples, Peak.  35.4 us (1.2x), Avg.  28.9 us, Total. 57.80 us (0.0%)
[Performance] InitializeOnLoad ObjectSelectorSearch                                                                           :        2 samples, Peak.  34.4 us (1.2x), Avg.  28.9 us, Total. 57.70 us (0.0%)
[Performance] InitializeOnLoad EditorMonitor                                                                                  :        2 samples, Peak.   701 us (1.4x), Avg.   515 us, Total. 1.029 ms (0.0%)
[Performance] InitializeOnLoad RetainedMode                                                                                   :        2 samples, Peak.  1.83 ms (1.1x), Avg.  1.69 ms, Total. 3.370 ms (0.0%)
[Performance] InitializeOnLoad EditorShaderLoader                                                                             :        2 samples, Peak.   541 us (1.0x), Avg.   536 us, Total. 1.072 ms (0.0%)
[Performance] InitializeOnLoad EditorDelegateRegistration                                                                     :        2 samples, Peak.   412 us (1.1x), Avg.   372 us, Total. 744.1 us (0.0%)
[Performance] InitializeOnLoad UIDocumentHierarchyWatcher                                                                     :        2 samples, Peak.  60.8 us (1.0x), Avg.  58.2 us, Total. 116.5 us (0.0%)
[Performance] InitializeOnLoad LiveReloadTrackerCreator                                                                       :        2 samples, Peak.   165 us (1.2x), Avg.   133 us, Total. 265.2 us (0.0%)
[Performance] InitializeOnLoad UxmlObjectEditorFactories                                                                      :        2 samples, Peak.   819 us (1.3x), Avg.   627 us, Total. 1.253 ms (0.0%)
[Performance] InitializeOnLoad UXMLEditorFactories                                                                            :        2 samples, Peak.  44.0 ms (1.0x), Avg.  42.4 ms, Total. 84.75 ms (0.8%)
[Performance] InitializeOnLoad PurchasingService                                                                              :        2 samples, Peak.  6.10 ms (1.1x), Avg.  5.74 ms, Total. 11.49 ms (0.1%)
[Performance] InitializeOnLoad CloudBuildPoller                                                                               :        2 samples, Peak.  91.2 us (1.1x), Avg.  83.9 us, Total. 167.9 us (0.0%)
[Performance] InitializeOnLoad EditorGameServicesAnalytics                                                                    :        2 samples, Peak.  2.28 ms (1.1x), Avg.  2.02 ms, Total. 4.034 ms (0.0%)
[Performance] InitializeOnLoad AnalyticsService                                                                               :        2 samples, Peak.   141 us (1.1x), Avg.   133 us, Total. 265.2 us (0.0%)
[Performance] InitializeOnLoad BuildService                                                                                   :        2 samples, Peak.   100 us (1.0x), Avg.  98.9 us, Total. 197.8 us (0.0%)
[Performance] InitializeOnLoad AdsService                                                                                     :        2 samples, Peak.   324 us (1.1x), Avg.   290 us, Total. 580.6 us (0.0%)
[Performance] InitializeOnLoad UDPService                                                                                     :        2 samples, Peak.   112 us (1.1x), Avg.   106 us, Total. 212.3 us (0.0%)
[Performance] InitializeOnLoad CrashService                                                                                   :        2 samples, Peak.   108 us (1.1x), Avg.   102 us, Total. 204.2 us (0.0%)
[Performance] InitializeOnLoad ServicesRepository                                                                             :        2 samples, Peak.   400 ns (1.1x), Avg.   350 ns, Total. 700.0 ns (0.0%)
[Performance] InitializeOnLoad SearchWindow                                                                                   :        2 samples, Peak.   107 us (1.2x), Avg.  92.9 us, Total. 185.8 us (0.0%)
[Performance] InitializeOnLoad CustomIndexers                                                                                 :        2 samples, Peak.  16.7 ms (1.2x), Avg.  14.4 ms, Total. 28.72 ms (0.3%)
[Performance] VersionControl.Task.Wait                                                                                        :        1 samples, Peak.  8.00 us (1.0x), Avg.  8.00 us, Total. 8.000 us (0.0%)
[Performance] InitializeOnLoad SearchMonitor                                                                                  :        2 samples, Peak.   774 us (1.1x), Avg.   682 us, Total. 1.363 ms (0.0%)
[Performance] InitializeOnLoad ParameterControllerEditor                                                                      :        2 samples, Peak.  15.1 us (1.0x), Avg.  15.0 us, Total. 30.10 us (0.0%)
[Performance] InitializeOnLoad LayerSettingsWindow                                                                            :        2 samples, Peak.  20.8 us (1.7x), Avg.  11.9 us, Total. 23.80 us (0.0%)
[Performance] InitializeOnLoad PackageManagerHookGUIDConverter.RegisterPackagesEventHandler                                   :        2 samples, Peak.   545 us (1.7x), Avg.   330 us, Total. 659.2 us (0.0%)
[Performance] InitializeOnLoad EditorDragAndDrop.RegisterEditorClient                                                         :        2 samples, Peak.   168 us (1.1x), Avg.   157 us, Total. 313.0 us (0.0%)
[Performance] InitializeOnLoad EditorEventCallbacks.InitializeFontAssetResourceChangeCallBacks                                :        2 samples, Peak.  1.16 ms (1.2x), Avg.   966 us, Total. 1.932 ms (0.0%)
[Performance] InitializeOnLoad SceneTemplateService.Init                                                                      :        2 samples, Peak.   960 us (1.0x), Avg.   921 us, Total. 1.841 ms (0.0%)
[Performance] InitializeOnLoad DiagnosticSwitchesConsoleMessage.Init                                                          :        2 samples, Peak.  7.35 ms (1.8x), Avg.  4.04 ms, Total. 8.089 ms (0.1%)
[Performance] InitializeOnLoad PackageManagerWindow.EditorInitializedInSafeMode                                               :        2 samples, Peak.   168 us (1.7x), Avg.  97.3 us, Total. 194.6 us (0.0%)
[Performance] InitializeOnLoad ScopedRegistryAddedPopup.SubscribeToRegistriesAdded                                            :        2 samples, Peak.   143 us (1.4x), Avg.   105 us, Total. 209.1 us (0.0%)
[Performance] InitializeOnLoad AssetPostprocessingInternal.RefreshCustomDependencies                                          :        2 samples, Peak.  2.40 ms (1.4x), Avg.  1.72 ms, Total. 3.435 ms (0.0%)
[Performance] InitializeOnLoad MemoryProfilerCompilationGuard.InjectCompileGuard                                              :        2 samples, Peak.   140 us (1.1x), Avg.   128 us, Total. 255.7 us (0.0%)
[Performance] InitializeOnLoad SysrootManager.Initialize                                                                      :        2 samples, Peak.   343 us (1.0x), Avg.   331 us, Total. 662.4 us (0.0%)
[Performance] InitializeOnLoad SceneVisibilityManager.Initialize                                                              :        2 samples, Peak.  4.05 ms (1.7x), Avg.  2.32 ms, Total. 4.644 ms (0.0%)
[Performance] InitializeOnLoad EditorWindow.Initialize                                                                        :        2 samples, Peak.   173 us (1.0x), Avg.   172 us, Total. 343.1 us (0.0%)
[Performance] InitializeOnLoad ToolShortcutContext.Init                                                                       :        2 samples, Peak.  93.2 us (1.1x), Avg.  86.6 us, Total. 173.1 us (0.0%)
[Performance] AssemblyReloadEvents.afterAssemblyReload: UnityEditor.PackageManager.TuanjiePathAndNameFix.FixTuanjieNameOrPath :        2 samples, Peak.  3.42 ms (1.2x), Avg.  2.94 ms, Total. 5.876 ms (0.1%)
[Performance] AssemblyReloadEvents.afterAssemblyReload: UnityEditor.SceneTemplate.SceneTemplateService.AfterAssemblyReload    :        2 samples, Peak.  5.01 ms (1.9x), Avg.  2.63 ms, Total. 5.261 ms (0.0%)
[Performance] ProcessService.EditorAfterLoadAllAssemblies                                                                     :        2 samples, Peak.   246 us (1.0x), Avg.   242 us, Total. 484.6 us (0.0%)
[Performance] Application.ReadLicenseInfo                                                                                     :        1 samples, Peak.  29.2 ms (1.0x), Avg.  29.2 ms, Total. 29.16 ms (0.3%)
[Performance] Application.InitialRefresh                                                                                      :        1 samples, Peak.  3.12 s (1.0x), Avg.  3.12 s, Total. 3.118 s (29.0%)
[Performance] ShaderImporter.SourceAssetModified                                                                              :        3 samples, Peak.  1.70 us (1.3x), Avg.  1.30 us, Total. 3.900 us (0.0%)
[Performance] ShaderIncludeImporter.SourceAssetModified                                                                       :        3 samples, Peak.  4.20 us (1.5x), Avg.  2.87 us, Total. 8.600 us (0.0%)
[Performance] Compiling Scripts                                                                                               :        1 samples, Peak.  2.36 s (1.0x), Avg.  2.36 s, Total. 2.357 s (21.9%)
[Performance] AssemblyReloadEvents.beforeAssemblyReload: UnityEditor.SceneTemplate.SceneTemplateService.BeforeAssemblyReload  :        1 samples, Peak.   396 us (1.0x), Avg.   396 us, Total. 396.1 us (0.0%)
[Performance] PresetManagerPostProcessor.OnPreprocessAsset                                                                    :      120 samples, Peak.   954 us (64.7x), Avg.  14.7 us, Total. 1.769 ms (0.0%)
[Performance] CancelSplashScreenOnAssetChange.OnPreprocessAsset                                                               :      120 samples, Peak.  94.1 us (50.0x), Avg.  1.88 us, Total. 226.0 us (0.0%)
[Performance] DidReloadScriptsAdvancedDropdownWindow.OnScriptReload                                                           :        1 samples, Peak.   158 us (1.0x), Avg.   158 us, Total. 158.4 us (0.0%)
[Performance] AssetDatabase.ImportAssets                                                                                      :        4 samples, Peak.   900 ns (2.6x), Avg.   350 ns, Total. 1.400 us (0.0%)
[Performance] AgentToolDefinitionAssetPostListener.OnPostprocessAllAssets                                                     :        4 samples, Peak.   536 us (2.2x), Avg.   249 us, Total. 995.1 us (0.0%)
[Performance] BuilderAssetPostprocessor.OnPostprocessAllAssets                                                                :        4 samples, Peak.  3.11 ms (2.0x), Avg.  1.56 ms, Total. 6.232 ms (0.1%)
[Performance] ArtifactBrowserPostProcessor.OnPostprocessAllAssets                                                             :        4 samples, Peak.   327 us (2.0x), Avg.   164 us, Total. 654.8 us (0.0%)
[Performance] AssetEvents.OnPostprocessAllAssets                                                                              :        8 samples, Peak.   184 us (3.0x), Avg.  60.7 us, Total. 485.5 us (0.0%)
[Performance] AudioMixerPostprocessor.OnPostprocessAllAssets                                                                  :        4 samples, Peak.   205 us (2.0x), Avg.   103 us, Total. 412.9 us (0.0%)
[Performance] DomainReloadPostprocessor.OnPostprocessAllAssets                                                                :        4 samples, Peak.   345 us (2.0x), Avg.   174 us, Total. 694.7 us (0.0%)
[Performance] StyleCatalogPostProcessor.OnPostprocessAllAssets                                                                :        4 samples, Peak.  88.5 ms (2.0x), Avg.  44.3 ms, Total. 177.1 ms (1.6%)
[Performance] BuildCatalog                                                                                                    :        1 samples, Peak.  87.6 ms (1.0x), Avg.  87.6 ms, Total. 87.64 ms (0.8%)
[Performance] EditorResources.Load                                                                                            :        6 samples, Peak.  8.19 ms (3.1x), Avg.  2.65 ms, Total. 15.88 ms (0.1%)
[Performance] ModelImporterPostProcessor.OnPostprocessAllAssets                                                               :        4 samples, Peak.  1.28 ms (2.0x), Avg.   645 us, Total. 2.579 ms (0.0%)
[Performance] RetainedModeAssetPostprocessor.OnPostprocessAllAssets                                                           :        4 samples, Peak.  2.85 ms (2.0x), Avg.  1.43 ms, Total. 5.722 ms (0.1%)
[Performance] AssetChangedListener.OnPostprocessAllAssets                                                                     :        4 samples, Peak.  1.59 ms (2.0x), Avg.   802 us, Total. 3.209 ms (0.0%)
[Performance] SpeedTreePostProcessor.OnPostprocessAllAssets                                                                   :        4 samples, Peak.   692 us (2.0x), Avg.   348 us, Total. 1.394 ms (0.0%)
[Performance] TextAssetPostProcessor.OnPostprocessAllAssets                                                                   :        4 samples, Peak.   735 us (1.9x), Avg.   380 us, Total. 1.522 ms (0.0%)
[Performance] SyncVS.PostprocessSyncProject                                                                                   :        2 samples, Peak.  1.37 ms (2.0x), Avg.   700 us, Total. 1.400 ms (0.0%)
[Performance] EditorApplication.projectChanged: UnityEditor.Audio.MixerEffectDefinitionReloader.OnProjectChanged              :        2 samples, Peak.   343 us (1.1x), Avg.   306 us, Total. 612.5 us (0.0%)
[Performance] Application.ImportPackagesAndSetTemplateWhenCreatingProject                                                     :        1 samples, Peak.  17.9 ms (1.0x), Avg.  17.9 ms, Total. 17.89 ms (0.2%)
[Performance] Application.SyncCurrentColorSpace                                                                               :        1 samples, Peak.   600 ns (1.0x), Avg.   600 ns, Total. 600.0 ns (0.0%)
[Performance] Application.OnUsbDevicesChanged                                                                                 :        1 samples, Peak.  6.93 ms (1.0x), Avg.  6.93 ms, Total. 6.930 ms (0.1%)
[Performance] Application.AssetDatabase.SaveAssets                                                                            :        1 samples, Peak.  2.79 ms (1.0x), Avg.  2.79 ms, Total. 2.791 ms (0.0%)
[Performance] BuilderAssetModificationProcessor.OnWillSaveAssets                                                              :        2 samples, Peak.   304 us (1.9x), Avg.   156 us, Total. 312.7 us (0.0%)
[Performance] TerrainModificationProcessor.OnWillSaveAssets                                                                   :        2 samples, Peak.   509 us (2.0x), Avg.   255 us, Total. 510.4 us (0.0%)
[Performance] Application.AssetInstanceCacheUpdate                                                                            :        1 samples, Peak.   300 ns (1.0x), Avg.   300 ns, Total. 300.0 ns (0.0%)
[Performance] Application.UnityExtensions.Initialize                                                                          :        1 samples, Peak.   286 us (1.0x), Avg.   286 us, Total. 285.5 us (0.0%)
[Performance] CodeEditorProjectSync.SyncEditorProject                                                                         :        1 samples, Peak.  85.7 us (1.0x), Avg.  85.7 us, Total. 85.70 us (0.0%)
[Performance] Application.ExecuteStartups                                                                                     :        1 samples, Peak.  32.9 ms (1.0x), Avg.  32.9 ms, Total. 32.93 ms (0.3%)
[Performance] Menu.RegisterMenuInterface                                                                                      :       26 samples, Peak.   900 ns (5.2x), Avg.   173 ns, Total. 4.500 us (0.0%)
[Performance] Gizmo.RebuildRenderers                                                                                          :        1 samples, Peak.  32.6 ms (1.0x), Avg.  32.6 ms, Total. 32.63 ms (0.3%)
[Performance] Gizmo.AddGizmoRenderers                                                                                         :       19 samples, Peak.  1.28 ms (13.2x), Avg.  97.4 us, Total. 1.851 ms (0.0%)
[Performance] Application.editorInitializingProject                                                                           :        1 samples, Peak.   401 ms (1.0x), Avg.   401 ms, Total. 401.0 ms (3.7%)
[Performance] Application.InitializeMenu                                                                                      :        1 samples, Peak.  44.0 ms (1.0x), Avg.  44.0 ms, Total. 44.04 ms (0.4%)
[Performance] Menu.RebuildAll                                                                                                 :        1 samples, Peak.  44.0 ms (1.0x), Avg.  44.0 ms, Total. 44.03 ms (0.4%)
[Performance] Menu.BuildRegisteredMenuInterfaces                                                                              :        1 samples, Peak.  41.7 ms (1.0x), Avg.  41.7 ms, Total. 41.68 ms (0.4%)
[Performance] Menu.FilterMenuItem                                                                                             :      497 samples, Peak.  11.7 ms (492.1x), Avg.  23.8 us, Total. 11.80 ms (0.1%)
[Performance] UpdateAllMenus                                                                                                  :        1 samples, Peak.   461 us (1.0x), Avg.   461 us, Total. 460.7 us (0.0%)
[Performance] Menu.RebuildOSMainMenu                                                                                          :        2 samples, Peak.  2.10 ms (1.1x), Avg.  1.91 ms, Total. 3.824 ms (0.0%)
[Performance] EditorSceneManager.sceneClosing: UnityEditor.SceneVisibilityManager.EditorSceneManagerOnSceneClosing            :        1 samples, Peak.   215 us (1.0x), Avg.   215 us, Total. 214.6 us (0.0%)
[Performance] GUIView.RepaintAll.PlayerLoopController                                                                         :        1 samples, Peak.  1.20 us (1.0x), Avg.  1.20 us, Total. 1.200 us (0.0%)
[Performance] EditorSceneManager.newSceneCreated: UnityEditor.SceneTemplate.SceneTemplateService.OnNewSceneCreated            :        1 samples, Peak.   197 us (1.0x), Avg.   197 us, Total. 197.3 us (0.0%)
[Performance] EditorSceneManager.newSceneCreated: UnityEditor.SceneVisibilityManager.EditorSceneManagerOnNewSceneCreated      :        1 samples, Peak.   127 us (1.0x), Avg.   127 us, Total. 127.2 us (0.0%)
[Performance] EditorSceneManager.newSceneCreated: UnityEditor.SceneManagement.StageNavigationManager.OnNewSceneCreated        :        1 samples, Peak.  42.2 us (1.0x), Avg.  42.2 us, Total. 42.20 us (0.0%)
[Performance] Application.InvokeFinishedLoadingProject                                                                        :        1 samples, Peak.   820 us (1.0x), Avg.   820 us, Total. 819.5 us (0.0%)
[Performance] ProcessService.OnProjectLoaded                                                                                  :        1 samples, Peak.  32.6 us (1.0x), Avg.  32.6 us, Total. 32.60 us (0.0%)
[Performance] EditorApplication.quitting: callback in UnityEditor.TextCore.Text.EditorEventCallbacks                          :        1 samples, Peak.  4.43 ms (1.0x), Avg.  4.43 ms, Total. 4.425 ms (0.0%)
[Performance] Application.Shutdown.PauseProfilerSession                                                                       :        1 samples, Peak.  26.8 us (1.0x), Avg.  26.8 us, Total. 26.80 us (0.0%)
[Performance] Application.Shutdown.PauseAssetImportWorkers                                                                    :        1 samples, Peak.  66.0 us (1.0x), Avg.  66.0 us, Total. 66.00 us (0.0%)
[Performance] Application.Shutdown.SaveAssets                                                                                 :        1 samples, Peak.  3.27 ms (1.0x), Avg.  3.27 ms, Total. 3.266 ms (0.0%)
[Performance] Application.Shutdown.CleanupRenderPipeline                                                                      :        1 samples, Peak.  6.00 us (1.0x), Avg.  6.00 us, Total. 6.000 us (0.0%)
[Performance] Application.Shutdown.StopPreloadManager                                                                         :        1 samples, Peak.  9.62 ms (1.0x), Avg.  9.62 ms, Total. 9.621 ms (0.1%)
[Performance] Application.Shutdown.DestroyWorld                                                                               :        1 samples, Peak.   262 us (1.0x), Avg.   262 us, Total. 262.3 us (0.0%)
[Performance] Application.Shutdown.CleanupAfterLoad                                                                           :        1 samples, Peak.  2.64 ms (1.0x), Avg.  2.64 ms, Total. 2.644 ms (0.0%)
[Performance] Application.Shutdown.Progress                                                                                   :        1 samples, Peak.  6.20 us (1.0x), Avg.  6.20 us, Total. 6.200 us (0.0%)
[Performance] Application.Shutdown.GICleanupManagers                                                                          :        1 samples, Peak.  1.83 ms (1.0x), Avg.  1.83 ms, Total. 1.830 ms (0.0%)
[Performance] Application.Shutdown.MenuCleanupClass                                                                           :        1 samples, Peak.   129 us (1.0x), Avg.   129 us, Total. 129.3 us (0.0%)
[Performance] Application.Shutdown.ADBSaveStateBeforeShutdown                                                                 :        1 samples, Peak.  8.80 us (1.0x), Avg.  8.80 us, Total. 8.800 us (0.0%)
[Performance] Application.Shutdown.RemoteShutdown                                                                             :        1 samples, Peak.   900 ns (1.0x), Avg.   900 ns, Total. 900.0 ns (0.0%)
[Performance] Application.Shutdown.CleanupVCProvider                                                                          :        1 samples, Peak.  7.80 us (1.0x), Avg.  7.80 us, Total. 7.800 us (0.0%)
[Performance] Application.Shutdown.InputShutdown                                                                              :        1 samples, Peak.   400 ns (1.0x), Avg.   400 ns, Total. 400.0 ns (0.0%)
[Performance] Application.Shutdown.GizmoManagerDestroy                                                                        :        1 samples, Peak.   805 us (1.0x), Avg.   805 us, Total. 805.2 us (0.0%)
[Performance] Application.Shutdown.ProfilerSession                                                                            :        1 samples, Peak.   166 us (1.0x), Avg.   166 us, Total. 166.2 us (0.0%)
[Performance] Application.Shutdown.ReleaseGfxWindowOnAllGUIViews                                                              :        1 samples, Peak.   300 ns (1.0x), Avg.   300 ns, Total. 300.0 ns (0.0%)
[Performance] Application.Shutdown.CleanupEngine                                                                              :        1 samples, Peak.   147 ms (1.0x), Avg.   147 ms, Total. 147.2 ms (1.4%)
[Performance] Application.Shutdown.CleanupAssetDatabase                                                                       :        1 samples, Peak.  6.61 ms (1.0x), Avg.  6.61 ms, Total. 6.611 ms (0.1%)
[Performance] Application.Shutdown.ScriptCompilationCleanUp                                                                   :        1 samples, Peak.  23.6 ms (1.0x), Avg.  23.6 ms, Total. 23.62 ms (0.2%)
[Performance] Application.Shutdown.DestroyJobSystem                                                                           :        1 samples, Peak.  97.1 us (1.0x), Avg.  97.1 us, Total. 97.10 us (0.0%)
[Performance] Application.Shutdown.CleanupPersistentManager                                                                   :        1 samples, Peak.   378 us (1.0x), Avg.   378 us, Total. 377.7 us (0.0%)
[Performance] Application.Shutdown.CleanupAsyncReadManager                                                                    :        1 samples, Peak.   187 us (1.0x), Avg.   187 us, Total. 186.8 us (0.0%)
[Performance] Application.Shutdown.CleanupProgressBar                                                                         :        1 samples, Peak.   300 ns (1.0x), Avg.   300 ns, Total. 300.0 ns (0.0%)
[Performance] Application.Shutdown.CleanupMono                                                                                :        1 samples, Peak.  39.0 ms (1.0x), Avg.  39.0 ms, Total. 39.00 ms (0.4%)
[Performance] Application.Shutdown.CleanupStdConverters                                                                       :        1 samples, Peak.  13.2 us (1.0x), Avg.  13.2 us, Total. 13.20 us (0.0%)
[Performance] Application.Shutdown.UnloadAllPlatformSupportModuleNativeDlls                                                   :        1 samples, Peak.   700 ns (1.0x), Avg.   700 ns, Total. 700.0 ns (0.0%)
[Performance] Application.Shutdown.UnloadAllPlatformSupportNativeLibraries                                                    :        1 samples, Peak. 100.0 ns (1.0x), Avg. 100.0 ns, Total. 100.00 ns (0.0%)
[Performance] Application.Shutdown.CleanupAutoDocumentation                                                                   :        1 samples, Peak.   379 us (1.0x), Avg.   379 us, Total. 378.5 us (0.0%)
[Performance] Application.Shutdown.ShaderNameManagerDestroy                                                                   :        1 samples, Peak.  57.1 us (1.0x), Avg.  57.1 us, Total. 57.10 us (0.0%)
[Performance] Application.Shutdown.CleanupCacheServer                                                                         :        1 samples, Peak. 0.0 (-nan(ind)x), Avg. 0.0, Total. 0.0 (0.0%)
[Performance] Application.Shutdown.Virtualization_Shutdown                                                                    :        1 samples, Peak.   400 ns (1.0x), Avg.   400 ns, Total. 400.0 ns (0.0%)
[Performance] Application.Shutdown.DevConnections                                                                             :        1 samples, Peak.   215 us (1.0x), Avg.   215 us, Total. 215.4 us (0.0%)
Exiting batchmode successfully now!
Exiting without the bug reporter. Application will terminate with return code 0